#
# There is insufficient memory for the Java Runtime Environment to continue.
# Native memory allocation (malloc) failed to allocate 1332336 bytes. Error detail: Chunk::new
# Possible reasons:
#   The system is out of physical RAM or swap space
#   This process is running with CompressedOops enabled, and the Java Heap may be blocking the growth of the native heap
# Possible solutions:
#   Reduce memory load on the system
#   Increase physical memory or swap space
#   Check if swap backing store is full
#   Decrease Java heap size (-Xmx/-Xms)
#   Decrease number of Java threads
#   Decrease Java thread stack sizes (-Xss)
#   Set larger code cache with -XX:ReservedCodeCacheSize=
#   JVM is running with Unscaled Compressed Oops mode in which the Java heap is
#     placed in the first 4GB address space. The Java Heap base address is the
#     maximum limit for the native heap growth. Please use -XX:HeapBaseMinAddress
#     to set the Java Heap base and to place the Java Heap above 4GB virtual address.
# This output file may be truncated or incomplete.
#
#  Out of Memory Error (arena.cpp:168), pid=26296, tid=32644
#
# JRE version: OpenJDK Runtime Environment Temurin-21.0.12.1+1 (21.0.12.1+1) (build 21.0.12.1+1-LTS)
# Java VM: OpenJDK 64-Bit Server VM Temurin-21.0.12.1+1 (21.0.12.1+1-LTS, mixed mode, sharing, tiered, compressed oops, compressed class ptrs, g1 gc, windows-amd64)
# No core dump will be written. Minidumps are not enabled by default on client versions of Windows
#

---------------  S U M M A R Y ------------

Command Line: --add-opens=java.base/java.util=ALL-UNNAMED --add-opens=java.base/java.lang=ALL-UNNAMED --add-opens=java.base/java.lang.invoke=ALL-UNNAMED --add-opens=java.prefs/java.util.prefs=ALL-UNNAMED --add-exports=jdk.compiler/com.sun.tools.javac.api=ALL-UNNAMED --add-exports=jdk.compiler/com.sun.tools.javac.util=ALL-UNNAMED --add-opens=java.base/java.nio.charset=ALL-UNNAMED --add-opens=java.base/java.net=ALL-UNNAMED --add-opens=java.base/java.util.concurrent.atomic=ALL-UNNAMED -XX:MaxMetaspaceSize=384m -XX:+HeapDumpOnOutOfMemoryError -Xms256m -Xmx512m -Dfile.encoding=utf8 -Duser.country=BR -Duser.language=pt -Duser.variant -javaagent:C:\Users\altam\.gradle\wrapper\dists\gradle-8.9-bin\90cnw93cvbtalezasaz0blq0a\gradle-8.9\lib\agents\gradle-instrumentation-agent-8.9.jar org.gradle.launcher.daemon.bootstrap.GradleDaemon 8.9

Host: 13th Gen Intel(R) Core(TM) i7-1365U, 12 cores, 31G,  Windows 11 , 64 bit Build 26100 (10.0.26100.9444)
Time: Fri Sep 18 19:53:47 2026 Hora Padrão da Bahia elapsed time: 1337.314295 seconds (0d 0h 22m 17s)

---------------  T H R E A D  ---------------

Current thread (0x000001fab803e930):  JavaThread "C2 CompilerThread0" daemon [_thread_in_native, id=32644, stack(0x0000008b75300000,0x0000008b75400000) (1024K)]


Current CompileTask:
C2:1337314 6411       4       org.gradle.cache.internal.DefaultFileLockManager$DefaultFileLock$1::run (252 bytes)

Stack: [0x0000008b75300000,0x0000008b75400000]
Native frames: (J=compiled Java code, j=interpreted, Vv=VM code, C=native code)
V  [jvm.dll+0x6d83e9]
V  [jvm.dll+0x8b5736]
V  [jvm.dll+0x8b7cee]
V  [jvm.dll+0x8b83d3]
V  [jvm.dll+0x284596]
V  [jvm.dll+0xc685d]
V  [jvm.dll+0xc6da1]
V  [jvm.dll+0x3bf18b]
V  [jvm.dll+0x38b6d2]
V  [jvm.dll+0x38ab1a]
V  [jvm.dll+0x24c700]
V  [jvm.dll+0x24bce0]
V  [jvm.dll+0x1cb4ae]
V  [jvm.dll+0x25baad]
V  [jvm.dll+0x25a03a]
V  [jvm.dll+0x3f8aae]
V  [jvm.dll+0x8600cd]
V  [jvm.dll+0x6d6c1d]
C  [ucrtbase.dll+0x2cd30]
C  [KERNEL32.DLL+0x2cd87]
C  [ntdll.dll+0xacaec]


---------------  P R O C E S S  ---------------

Threads class SMR info:
_java_thread_list=0x000001fad490d300, length=34, elements={
0x000001fa9fed9b80, 0x000001fab802f100, 0x000001fab80338f0, 0x000001fab8035990,
0x000001fab8039040, 0x000001fab803aab0, 0x000001fab803b790, 0x000001fab803e930,
0x000001fab807ad90, 0x000001fab8288b00, 0x000001fab83b12c0, 0x000001fad2c8d2f0,
0x000001fad29da520, 0x000001fab8139770, 0x000001fad387e920, 0x000001fad387e290,
0x000001fad387f640, 0x000001fad3880360, 0x000001fad2854910, 0x000001fad2853bf0,
0x000001fad2855630, 0x000001fad2853560, 0x000001fad28521b0, 0x000001fad2857070,
0x000001fad2852840, 0x000001fad2854fa0, 0x000001fad2852ed0, 0x000001fad2857d90,
0x000001fad2858ab0, 0x000001fad2857700, 0x000001fad28569e0, 0x000001fad2858420,
0x000001fad2859140, 0x000001fad2856350
}

Java Threads: ( => current thread )
  0x000001fa9fed9b80 JavaThread "main"                              [_thread_blocked, id=36660, stack(0x0000008b74500000,0x0000008b74600000) (1024K)]
  0x000001fab802f100 JavaThread "Reference Handler"          daemon [_thread_blocked, id=59512, stack(0x0000008b74d00000,0x0000008b74e00000) (1024K)]
  0x000001fab80338f0 JavaThread "Finalizer"                  daemon [_thread_blocked, id=25776, stack(0x0000008b74e00000,0x0000008b74f00000) (1024K)]
  0x000001fab8035990 JavaThread "Signal Dispatcher"          daemon [_thread_blocked, id=67196, stack(0x0000008b74f00000,0x0000008b75000000) (1024K)]
  0x000001fab8039040 JavaThread "Attach Listener"            daemon [_thread_blocked, id=46712, stack(0x0000008b75000000,0x0000008b75100000) (1024K)]
  0x000001fab803aab0 JavaThread "Service Thread"             daemon [_thread_blocked, id=38320, stack(0x0000008b75100000,0x0000008b75200000) (1024K)]
  0x000001fab803b790 JavaThread "Monitor Deflation Thread"   daemon [_thread_blocked, id=61796, stack(0x0000008b75200000,0x0000008b75300000) (1024K)]
=>0x000001fab803e930 JavaThread "C2 CompilerThread0"         daemon [_thread_in_native, id=32644, stack(0x0000008b75300000,0x0000008b75400000) (1024K)]
  0x000001fab807ad90 JavaThread "C1 CompilerThread0"         daemon [_thread_blocked, id=59740, stack(0x0000008b75400000,0x0000008b75500000) (1024K)]
  0x000001fab8288b00 JavaThread "Common-Cleaner"             daemon [_thread_blocked, id=50532, stack(0x0000008b75500000,0x0000008b75600000) (1024K)]
  0x000001fab83b12c0 JavaThread "Notification Thread"        daemon [_thread_blocked, id=35416, stack(0x0000008b75600000,0x0000008b75700000) (1024K)]
  0x000001fad2c8d2f0 JavaThread "Daemon health stats"               [_thread_blocked, id=42904, stack(0x0000008b75c00000,0x0000008b75d00000) (1024K)]
  0x000001fad29da520 JavaThread "Incoming local TCP Connector on port 63932"        [_thread_in_native, id=63440, stack(0x0000008b75d00000,0x0000008b75e00000) (1024K)]
  0x000001fab8139770 JavaThread "Daemon periodic checks"            [_thread_in_Java, id=49612, stack(0x0000008b75e00000,0x0000008b75f00000) (1024K)]
  0x000001fad387e920 JavaThread "Daemon Thread 2"                   [_thread_blocked, id=51204, stack(0x0000008b75f00000,0x0000008b76000000) (1024K)]
  0x000001fad387e290 JavaThread "Handler for socket connection from /127.0.0.1:63932 to /127.0.0.1:59225"        [_thread_in_native, id=53760, stack(0x0000008b76200000,0x0000008b76300000) (1024K)]
  0x000001fad387f640 JavaThread "Cancel handler"                    [_thread_blocked, id=53856, stack(0x0000008b76400000,0x0000008b76500000) (1024K)]
  0x000001fad3880360 JavaThread "Daemon worker Thread 2"            [_thread_blocked, id=51608, stack(0x0000008b76600000,0x0000008b76700000) (1024K)]
  0x000001fad2854910 JavaThread "Asynchronous log dispatcher for DefaultDaemonConnection: socket connection from /127.0.0.1:63932 to /127.0.0.1:59225"        [_thread_blocked, id=62764, stack(0x0000008b77100000,0x0000008b77200000) (1024K)]
  0x000001fad2853bf0 JavaThread "Stdin handler"                     [_thread_blocked, id=62456, stack(0x0000008b76500000,0x0000008b76600000) (1024K)]
  0x000001fad2855630 JavaThread "Daemon client event forwarder"        [_thread_blocked, id=64160, stack(0x0000008b76c00000,0x0000008b76d00000) (1024K)]
  0x000001fad2853560 JavaThread "Cache worker for journal cache (C:\Users\altam\.gradle\caches\journal-1)"        [_thread_blocked, id=60832, stack(0x0000008b76800000,0x0000008b76900000) (1024K)]
  0x000001fad28521b0 JavaThread "File lock request listener"        [_thread_in_native, id=45084, stack(0x0000008b76a00000,0x0000008b76b00000) (1024K)]
  0x000001fad2857070 JavaThread "Cache worker for file hash cache (C:\Users\altam\.gradle\caches\8.9\fileHashes)"        [_thread_blocked, id=45568, stack(0x0000008b76f00000,0x0000008b77000000) (1024K)]
  0x000001fad2852840 JavaThread "Cache worker for file hash cache (C:\desenvolvimento\React\app-psios\node_modules\expo-modules-autolinking\android\expo-gradle-plugin\.gradle\8.9\fileHashes)"        [_thread_blocked, id=29124, stack(0x0000008b77000000,0x0000008b77100000) (1024K)]
  0x000001fad2854fa0 JavaThread "Cache worker for Build Output Cleanup Cache (C:\desenvolvimento\React\app-psios\node_modules\expo-modules-autolinking\android\expo-gradle-plugin\.gradle\buildOutputCleanup)"        [_thread_blocked, id=21616, stack(0x0000008b77200000,0x0000008b77300000) (1024K)]
  0x000001fad2852ed0 JavaThread "File watcher server"        daemon [_thread_in_native, id=66952, stack(0x0000008b77300000,0x0000008b77400000) (1024K)]
  0x000001fad2857d90 JavaThread "File watcher consumer"      daemon [_thread_blocked, id=62804, stack(0x0000008b77400000,0x0000008b77500000) (1024K)]
  0x000001fad2858ab0 JavaThread "Cache worker for checksums cache (C:\desenvolvimento\React\app-psios\node_modules\expo-modules-autolinking\android\expo-gradle-plugin\.gradle\8.9\checksums)"        [_thread_blocked, id=26416, stack(0x0000008b77500000,0x0000008b77600000) (1024K)]
  0x000001fad2857700 JavaThread "Cache worker for file content cache (C:\Users\altam\.gradle\caches\8.9\fileContent)"        [_thread_blocked, id=63648, stack(0x0000008b77600000,0x0000008b77700000) (1024K)]
  0x000001fad28569e0 JavaThread "Cache worker for cache directory md-rule (C:\Users\altam\.gradle\caches\8.9\md-rule)"        [_thread_blocked, id=5788, stack(0x0000008b77700000,0x0000008b77800000) (1024K)]
  0x000001fad2858420 JavaThread "Cache worker for cache directory md-supplier (C:\Users\altam\.gradle\caches\8.9\md-supplier)"        [_thread_blocked, id=41916, stack(0x0000008b77800000,0x0000008b77900000) (1024K)]
  0x000001fad2859140 JavaThread "jar transforms"                    [_thread_blocked, id=46120, stack(0x0000008b76100000,0x0000008b76200000) (1024K)]
  0x000001fad2856350 JavaThread "jar transforms Thread 2"           [_thread_blocked, id=55124, stack(0x0000008b77a00000,0x0000008b77b00000) (1024K)]
Total: 34

Other Threads:
  0x000001fab800c4c0 VMThread "VM Thread"                           [id=35116, stack(0x0000008b74c00000,0x0000008b74d00000) (1024K)]
  0x000001fab81019e0 WatcherThread "VM Periodic Task Thread"        [id=46460, stack(0x0000008b74b00000,0x0000008b74c00000) (1024K)]
  0x000001faa2301a80 WorkerThread "GC Thread#0"                     [id=43440, stack(0x0000008b74600000,0x0000008b74700000) (1024K)]
  0x000001fab8657bd0 WorkerThread "GC Thread#1"                     [id=40692, stack(0x0000008b75700000,0x0000008b75800000) (1024K)]
  0x000001fab8657f80 WorkerThread "GC Thread#2"                     [id=8008, stack(0x0000008b75800000,0x0000008b75900000) (1024K)]
  0x000001fab852c700 WorkerThread "GC Thread#3"                     [id=48664, stack(0x0000008b75900000,0x0000008b75a00000) (1024K)]
  0x000001fab852cab0 WorkerThread "GC Thread#4"                     [id=63704, stack(0x0000008b75a00000,0x0000008b75b00000) (1024K)]
  0x000001fab86e2d40 WorkerThread "GC Thread#5"                     [id=7712, stack(0x0000008b75b00000,0x0000008b75c00000) (1024K)]
  0x000001fad2b49510 WorkerThread "GC Thread#6"                     [id=59724, stack(0x0000008b76000000,0x0000008b76100000) (1024K)]
  0x000001fad2b49c70 WorkerThread "GC Thread#7"                     [id=15292, stack(0x0000008b76300000,0x0000008b76400000) (1024K)]
  0x000001fad2b498c0 WorkerThread "GC Thread#8"                     [id=61920, stack(0x0000008b76700000,0x0000008b76800000) (1024K)]
  0x000001fad2b4a020 WorkerThread "GC Thread#9"                     [id=34716, stack(0x0000008b76900000,0x0000008b76a00000) (1024K)]
  0x000001faa2306980 ConcurrentGCThread "G1 Main Marker"            [id=64448, stack(0x0000008b74700000,0x0000008b74800000) (1024K)]
  0x000001faa23073a0 WorkerThread "G1 Conc#0"                       [id=49024, stack(0x0000008b74800000,0x0000008b74900000) (1024K)]
  0x000001fad340ff30 WorkerThread "G1 Conc#1"                       [id=65084, stack(0x0000008b76b00000,0x0000008b76c00000) (1024K)]
  0x000001fad3411cb0 WorkerThread "G1 Conc#2"                       [id=54168, stack(0x0000008b76e00000,0x0000008b76f00000) (1024K)]
  0x000001fab7f4cec0 ConcurrentGCThread "G1 Refine#0"               [id=24888, stack(0x0000008b74900000,0x0000008b74a00000) (1024K)]
  0x000001fab7f4fbd0 ConcurrentGCThread "G1 Service"                [id=64016, stack(0x0000008b74a00000,0x0000008b74b00000) (1024K)]
Total: 18

Threads with active compile tasks:
C2 CompilerThread0  1341812 6411       4       org.gradle.cache.internal.DefaultFileLockManager$DefaultFileLock$1::run (252 bytes)
Total: 1

VM state: not at safepoint (normal execution)

VM Mutex/Monitor currently owned by a thread: None

Heap address: 0x00000000e0000000, size: 512 MB, Compressed Oops mode: 32-bit

CDS archive(s) mapped at: [0x000001fab9000000-0x000001fab9ba0000-0x000001fab9ba0000), size 12189696, SharedBaseAddress: 0x000001fab9000000, ArchiveRelocationMode: 1.
Compressed class space mapped at: 0x000001faba000000-0x000001face000000, reserved size: 335544320
Narrow klass base: 0x000001fab9000000, Narrow klass shift: 0, Narrow klass range: 0x100000000

GC Precious Log:
 CardTable entry size: 512
 Card Set container configuration: InlinePtr #cards 5 size 8 Array Of Cards #cards 12 size 40 Howl #buckets 4 coarsen threshold 1843 Howl Bitmap #cards 512 size 80 coarsen threshold 460 Card regions per heap region 1 cards per card region 2048
 CPUs: 12 total, 12 available
 Memory: 32452M
 Large Page Support: Disabled
 NUMA Support: Disabled
 Compressed Oops: Enabled (32-bit)
 Heap Region Size: 1M
 Heap Min Capacity: 256M
 Heap Initial Capacity: 256M
 Heap Max Capacity: 512M
 Pre-touch: Disabled
 Parallel Workers: 10
 Concurrent Workers: 3
 Concurrent Refinement Workers: 10
 Periodic GC: Disabled

Heap:
 garbage-first heap   total 262144K, used 142910K [0x00000000e0000000, 0x0000000100000000)
  region size 1024K, 119 young (121856K), 16 survivors (16384K)
 Metaspace       used 50458K, committed 52032K, reserved 393216K
  class space    used 7215K, committed 8000K, reserved 327680K

Heap Regions: E=young(eden), S=young(survivor), O=old, HS=humongous(starts), HC=humongous(continues), CS=collection set, F=free, TAMS=top-at-mark-start, PB=parsable bottom
|   0|0x00000000e0000000, 0x00000000e0100000, 0x00000000e0100000|100%|HS|  |TAMS 0x00000000e0000000| PB 0x00000000e0000000| Complete 
|   1|0x00000000e0100000, 0x00000000e0200000, 0x00000000e0200000|100%|HC|  |TAMS 0x00000000e0100000| PB 0x00000000e0100000| Complete 
|   2|0x00000000e0200000, 0x00000000e0300000, 0x00000000e0300000|100%|HC|  |TAMS 0x00000000e0200000| PB 0x00000000e0200000| Complete 
|   3|0x00000000e0300000, 0x00000000e0400000, 0x00000000e0400000|100%|HC|  |TAMS 0x00000000e0300000| PB 0x00000000e0300000| Complete 
|   4|0x00000000e0400000, 0x00000000e0500000, 0x00000000e0500000|100%| O|  |TAMS 0x00000000e0400000| PB 0x00000000e0400000| Untracked 
|   5|0x00000000e0500000, 0x00000000e0500000, 0x00000000e0600000|  0%| F|  |TAMS 0x00000000e0500000| PB 0x00000000e0500000| Untracked 
|   6|0x00000000e0600000, 0x00000000e0700000, 0x00000000e0700000|100%| O|  |TAMS 0x00000000e0600000| PB 0x00000000e0600000| Untracked 
|   7|0x00000000e0700000, 0x00000000e0800000, 0x00000000e0800000|100%| O|  |TAMS 0x00000000e0700000| PB 0x00000000e0700000| Untracked 
|   8|0x00000000e0800000, 0x00000000e0900000, 0x00000000e0900000|100%| O|  |TAMS 0x00000000e0800000| PB 0x00000000e0800000| Untracked 
|   9|0x00000000e0900000, 0x00000000e0a00000, 0x00000000e0a00000|100%| O|  |TAMS 0x00000000e0900000| PB 0x00000000e0900000| Untracked 
|  10|0x00000000e0a00000, 0x00000000e0b00000, 0x00000000e0b00000|100%| O|  |TAMS 0x00000000e0a00000| PB 0x00000000e0a00000| Untracked 
|  11|0x00000000e0b00000, 0x00000000e0c00000, 0x00000000e0c00000|100%|HS|  |TAMS 0x00000000e0b00000| PB 0x00000000e0b00000| Complete 
|  12|0x00000000e0c00000, 0x00000000e0d00000, 0x00000000e0d00000|100%| O|  |TAMS 0x00000000e0c00000| PB 0x00000000e0c00000| Untracked 
|  13|0x00000000e0d00000, 0x00000000e0e00000, 0x00000000e0e00000|100%| O|  |TAMS 0x00000000e0d00000| PB 0x00000000e0d00000| Untracked 
|  14|0x00000000e0e00000, 0x00000000e0f00000, 0x00000000e0f00000|100%| O|  |TAMS 0x00000000e0e00000| PB 0x00000000e0e00000| Untracked 
|  15|0x00000000e0f00000, 0x00000000e1000000, 0x00000000e1000000|100%| O|  |TAMS 0x00000000e0f00000| PB 0x00000000e0f00000| Untracked 
|  16|0x00000000e1000000, 0x00000000e1100000, 0x00000000e1100000|100%| O|  |TAMS 0x00000000e1000000| PB 0x00000000e1000000| Untracked 
|  17|0x00000000e1100000, 0x00000000e1200000, 0x00000000e1200000|100%| O|  |TAMS 0x00000000e1100000| PB 0x00000000e1100000| Untracked 
|  18|0x00000000e1200000, 0x00000000e1300000, 0x00000000e1300000|100%| O|  |TAMS 0x00000000e1200000| PB 0x00000000e1200000| Untracked 
|  19|0x00000000e1300000, 0x00000000e1400000, 0x00000000e1400000|100%| O|  |TAMS 0x00000000e1300000| PB 0x00000000e1300000| Untracked 
|  20|0x00000000e1400000, 0x00000000e1500000, 0x00000000e1500000|100%| O|  |TAMS 0x00000000e1400000| PB 0x00000000e1400000| Untracked 
|  21|0x00000000e1500000, 0x00000000e1600000, 0x00000000e1600000|100%| O|Cm|TAMS 0x00000000e1500000| PB 0x00000000e1500000| Complete 
|  22|0x00000000e1600000, 0x00000000e1700000, 0x00000000e1700000|100%| O|  |TAMS 0x00000000e1600000| PB 0x00000000e1600000| Untracked 
|  23|0x00000000e1700000, 0x00000000e1719958, 0x00000000e1800000|  9%| O|  |TAMS 0x00000000e1700000| PB 0x00000000e1700000| Untracked 
|  24|0x00000000e1800000, 0x00000000e1800000, 0x00000000e1900000|  0%| F|  |TAMS 0x00000000e1800000| PB 0x00000000e1800000| Untracked 
|  25|0x00000000e1900000, 0x00000000e1900000, 0x00000000e1a00000|  0%| F|  |TAMS 0x00000000e1900000| PB 0x00000000e1900000| Untracked 
|  26|0x00000000e1a00000, 0x00000000e1a00000, 0x00000000e1b00000|  0%| F|  |TAMS 0x00000000e1a00000| PB 0x00000000e1a00000| Untracked 
|  27|0x00000000e1b00000, 0x00000000e1b00000, 0x00000000e1c00000|  0%| F|  |TAMS 0x00000000e1b00000| PB 0x00000000e1b00000| Untracked 
|  28|0x00000000e1c00000, 0x00000000e1c00000, 0x00000000e1d00000|  0%| F|  |TAMS 0x00000000e1c00000| PB 0x00000000e1c00000| Untracked 
|  29|0x00000000e1d00000, 0x00000000e1d00000, 0x00000000e1e00000|  0%| F|  |TAMS 0x00000000e1d00000| PB 0x00000000e1d00000| Untracked 
|  30|0x00000000e1e00000, 0x00000000e1e00000, 0x00000000e1f00000|  0%| F|  |TAMS 0x00000000e1e00000| PB 0x00000000e1e00000| Untracked 
|  31|0x00000000e1f00000, 0x00000000e1f00000, 0x00000000e2000000|  0%| F|  |TAMS 0x00000000e1f00000| PB 0x00000000e1f00000| Untracked 
|  32|0x00000000e2000000, 0x00000000e2000000, 0x00000000e2100000|  0%| F|  |TAMS 0x00000000e2000000| PB 0x00000000e2000000| Untracked 
|  33|0x00000000e2100000, 0x00000000e2100000, 0x00000000e2200000|  0%| F|  |TAMS 0x00000000e2100000| PB 0x00000000e2100000| Untracked 
|  34|0x00000000e2200000, 0x00000000e2200000, 0x00000000e2300000|  0%| F|  |TAMS 0x00000000e2200000| PB 0x00000000e2200000| Untracked 
|  35|0x00000000e2300000, 0x00000000e2300000, 0x00000000e2400000|  0%| F|  |TAMS 0x00000000e2300000| PB 0x00000000e2300000| Untracked 
|  36|0x00000000e2400000, 0x00000000e2400000, 0x00000000e2500000|  0%| F|  |TAMS 0x00000000e2400000| PB 0x00000000e2400000| Untracked 
|  37|0x00000000e2500000, 0x00000000e2500000, 0x00000000e2600000|  0%| F|  |TAMS 0x00000000e2500000| PB 0x00000000e2500000| Untracked 
|  38|0x00000000e2600000, 0x00000000e2600000, 0x00000000e2700000|  0%| F|  |TAMS 0x00000000e2600000| PB 0x00000000e2600000| Untracked 
|  39|0x00000000e2700000, 0x00000000e2700000, 0x00000000e2800000|  0%| F|  |TAMS 0x00000000e2700000| PB 0x00000000e2700000| Untracked 
|  40|0x00000000e2800000, 0x00000000e2800000, 0x00000000e2900000|  0%| F|  |TAMS 0x00000000e2800000| PB 0x00000000e2800000| Untracked 
|  41|0x00000000e2900000, 0x00000000e2900000, 0x00000000e2a00000|  0%| F|  |TAMS 0x00000000e2900000| PB 0x00000000e2900000| Untracked 
|  42|0x00000000e2a00000, 0x00000000e2a00000, 0x00000000e2b00000|  0%| F|  |TAMS 0x00000000e2a00000| PB 0x00000000e2a00000| Untracked 
|  43|0x00000000e2b00000, 0x00000000e2b00000, 0x00000000e2c00000|  0%| F|  |TAMS 0x00000000e2b00000| PB 0x00000000e2b00000| Untracked 
|  44|0x00000000e2c00000, 0x00000000e2c00000, 0x00000000e2d00000|  0%| F|  |TAMS 0x00000000e2c00000| PB 0x00000000e2c00000| Untracked 
|  45|0x00000000e2d00000, 0x00000000e2d00000, 0x00000000e2e00000|  0%| F|  |TAMS 0x00000000e2d00000| PB 0x00000000e2d00000| Untracked 
|  46|0x00000000e2e00000, 0x00000000e2e00000, 0x00000000e2f00000|  0%| F|  |TAMS 0x00000000e2e00000| PB 0x00000000e2e00000| Untracked 
|  47|0x00000000e2f00000, 0x00000000e2f00000, 0x00000000e3000000|  0%| F|  |TAMS 0x00000000e2f00000| PB 0x00000000e2f00000| Untracked 
|  48|0x00000000e3000000, 0x00000000e3000000, 0x00000000e3100000|  0%| F|  |TAMS 0x00000000e3000000| PB 0x00000000e3000000| Untracked 
|  49|0x00000000e3100000, 0x00000000e3100000, 0x00000000e3200000|  0%| F|  |TAMS 0x00000000e3100000| PB 0x00000000e3100000| Untracked 
|  50|0x00000000e3200000, 0x00000000e3200000, 0x00000000e3300000|  0%| F|  |TAMS 0x00000000e3200000| PB 0x00000000e3200000| Untracked 
|  51|0x00000000e3300000, 0x00000000e3300000, 0x00000000e3400000|  0%| F|  |TAMS 0x00000000e3300000| PB 0x00000000e3300000| Untracked 
|  52|0x00000000e3400000, 0x00000000e3400000, 0x00000000e3500000|  0%| F|  |TAMS 0x00000000e3400000| PB 0x00000000e3400000| Untracked 
|  53|0x00000000e3500000, 0x00000000e3500000, 0x00000000e3600000|  0%| F|  |TAMS 0x00000000e3500000| PB 0x00000000e3500000| Untracked 
|  54|0x00000000e3600000, 0x00000000e3600000, 0x00000000e3700000|  0%| F|  |TAMS 0x00000000e3600000| PB 0x00000000e3600000| Untracked 
|  55|0x00000000e3700000, 0x00000000e3700000, 0x00000000e3800000|  0%| F|  |TAMS 0x00000000e3700000| PB 0x00000000e3700000| Untracked 
|  56|0x00000000e3800000, 0x00000000e3800000, 0x00000000e3900000|  0%| F|  |TAMS 0x00000000e3800000| PB 0x00000000e3800000| Untracked 
|  57|0x00000000e3900000, 0x00000000e3900000, 0x00000000e3a00000|  0%| F|  |TAMS 0x00000000e3900000| PB 0x00000000e3900000| Untracked 
|  58|0x00000000e3a00000, 0x00000000e3a00000, 0x00000000e3b00000|  0%| F|  |TAMS 0x00000000e3a00000| PB 0x00000000e3a00000| Untracked 
|  59|0x00000000e3b00000, 0x00000000e3b00000, 0x00000000e3c00000|  0%| F|  |TAMS 0x00000000e3b00000| PB 0x00000000e3b00000| Untracked 
|  60|0x00000000e3c00000, 0x00000000e3c00000, 0x00000000e3d00000|  0%| F|  |TAMS 0x00000000e3c00000| PB 0x00000000e3c00000| Untracked 
|  61|0x00000000e3d00000, 0x00000000e3d00000, 0x00000000e3e00000|  0%| F|  |TAMS 0x00000000e3d00000| PB 0x00000000e3d00000| Untracked 
|  62|0x00000000e3e00000, 0x00000000e3e00000, 0x00000000e3f00000|  0%| F|  |TAMS 0x00000000e3e00000| PB 0x00000000e3e00000| Untracked 
|  63|0x00000000e3f00000, 0x00000000e3f00000, 0x00000000e4000000|  0%| F|  |TAMS 0x00000000e3f00000| PB 0x00000000e3f00000| Untracked 
|  64|0x00000000e4000000, 0x00000000e4000000, 0x00000000e4100000|  0%| F|  |TAMS 0x00000000e4000000| PB 0x00000000e4000000| Untracked 
|  65|0x00000000e4100000, 0x00000000e4100000, 0x00000000e4200000|  0%| F|  |TAMS 0x00000000e4100000| PB 0x00000000e4100000| Untracked 
|  66|0x00000000e4200000, 0x00000000e4200000, 0x00000000e4300000|  0%| F|  |TAMS 0x00000000e4200000| PB 0x00000000e4200000| Untracked 
|  67|0x00000000e4300000, 0x00000000e4300000, 0x00000000e4400000|  0%| F|  |TAMS 0x00000000e4300000| PB 0x00000000e4300000| Untracked 
|  68|0x00000000e4400000, 0x00000000e4400000, 0x00000000e4500000|  0%| F|  |TAMS 0x00000000e4400000| PB 0x00000000e4400000| Untracked 
|  69|0x00000000e4500000, 0x00000000e4500000, 0x00000000e4600000|  0%| F|  |TAMS 0x00000000e4500000| PB 0x00000000e4500000| Untracked 
|  70|0x00000000e4600000, 0x00000000e4600000, 0x00000000e4700000|  0%| F|  |TAMS 0x00000000e4600000| PB 0x00000000e4600000| Untracked 
|  71|0x00000000e4700000, 0x00000000e4700000, 0x00000000e4800000|  0%| F|  |TAMS 0x00000000e4700000| PB 0x00000000e4700000| Untracked 
|  72|0x00000000e4800000, 0x00000000e4800000, 0x00000000e4900000|  0%| F|  |TAMS 0x00000000e4800000| PB 0x00000000e4800000| Untracked 
|  73|0x00000000e4900000, 0x00000000e4900000, 0x00000000e4a00000|  0%| F|  |TAMS 0x00000000e4900000| PB 0x00000000e4900000| Untracked 
|  74|0x00000000e4a00000, 0x00000000e4a00000, 0x00000000e4b00000|  0%| F|  |TAMS 0x00000000e4a00000| PB 0x00000000e4a00000| Untracked 
|  75|0x00000000e4b00000, 0x00000000e4b00000, 0x00000000e4c00000|  0%| F|  |TAMS 0x00000000e4b00000| PB 0x00000000e4b00000| Untracked 
|  76|0x00000000e4c00000, 0x00000000e4c00000, 0x00000000e4d00000|  0%| F|  |TAMS 0x00000000e4c00000| PB 0x00000000e4c00000| Untracked 
|  77|0x00000000e4d00000, 0x00000000e4d00000, 0x00000000e4e00000|  0%| F|  |TAMS 0x00000000e4d00000| PB 0x00000000e4d00000| Untracked 
|  78|0x00000000e4e00000, 0x00000000e4e00000, 0x00000000e4f00000|  0%| F|  |TAMS 0x00000000e4e00000| PB 0x00000000e4e00000| Untracked 
|  79|0x00000000e4f00000, 0x00000000e4f00000, 0x00000000e5000000|  0%| F|  |TAMS 0x00000000e4f00000| PB 0x00000000e4f00000| Untracked 
|  80|0x00000000e5000000, 0x00000000e5000000, 0x00000000e5100000|  0%| F|  |TAMS 0x00000000e5000000| PB 0x00000000e5000000| Untracked 
|  81|0x00000000e5100000, 0x00000000e5100000, 0x00000000e5200000|  0%| F|  |TAMS 0x00000000e5100000| PB 0x00000000e5100000| Untracked 
|  82|0x00000000e5200000, 0x00000000e5200000, 0x00000000e5300000|  0%| F|  |TAMS 0x00000000e5200000| PB 0x00000000e5200000| Untracked 
|  83|0x00000000e5300000, 0x00000000e5300000, 0x00000000e5400000|  0%| F|  |TAMS 0x00000000e5300000| PB 0x00000000e5300000| Untracked 
|  84|0x00000000e5400000, 0x00000000e5400000, 0x00000000e5500000|  0%| F|  |TAMS 0x00000000e5400000| PB 0x00000000e5400000| Untracked 
|  85|0x00000000e5500000, 0x00000000e5500000, 0x00000000e5600000|  0%| F|  |TAMS 0x00000000e5500000| PB 0x00000000e5500000| Untracked 
|  86|0x00000000e5600000, 0x00000000e5600000, 0x00000000e5700000|  0%| F|  |TAMS 0x00000000e5600000| PB 0x00000000e5600000| Untracked 
|  87|0x00000000e5700000, 0x00000000e5776190, 0x00000000e5800000| 46%| S|CS|TAMS 0x00000000e5700000| PB 0x00000000e5700000| Complete 
|  88|0x00000000e5800000, 0x00000000e5900000, 0x00000000e5900000|100%| S|CS|TAMS 0x00000000e5800000| PB 0x00000000e5800000| Complete 
|  89|0x00000000e5900000, 0x00000000e5a00000, 0x00000000e5a00000|100%| S|CS|TAMS 0x00000000e5900000| PB 0x00000000e5900000| Complete 
|  90|0x00000000e5a00000, 0x00000000e5b00000, 0x00000000e5b00000|100%| S|CS|TAMS 0x00000000e5a00000| PB 0x00000000e5a00000| Complete 
|  91|0x00000000e5b00000, 0x00000000e5c00000, 0x00000000e5c00000|100%| S|CS|TAMS 0x00000000e5b00000| PB 0x00000000e5b00000| Complete 
|  92|0x00000000e5c00000, 0x00000000e5d00000, 0x00000000e5d00000|100%| S|CS|TAMS 0x00000000e5c00000| PB 0x00000000e5c00000| Complete 
|  93|0x00000000e5d00000, 0x00000000e5e00000, 0x00000000e5e00000|100%| S|CS|TAMS 0x00000000e5d00000| PB 0x00000000e5d00000| Complete 
|  94|0x00000000e5e00000, 0x00000000e5f00000, 0x00000000e5f00000|100%| S|CS|TAMS 0x00000000e5e00000| PB 0x00000000e5e00000| Complete 
|  95|0x00000000e5f00000, 0x00000000e6000000, 0x00000000e6000000|100%| S|CS|TAMS 0x00000000e5f00000| PB 0x00000000e5f00000| Complete 
|  96|0x00000000e6000000, 0x00000000e6100000, 0x00000000e6100000|100%| S|CS|TAMS 0x00000000e6000000| PB 0x00000000e6000000| Complete 
|  97|0x00000000e6100000, 0x00000000e6200000, 0x00000000e6200000|100%| S|CS|TAMS 0x00000000e6100000| PB 0x00000000e6100000| Complete 
|  98|0x00000000e6200000, 0x00000000e6300000, 0x00000000e6300000|100%| S|CS|TAMS 0x00000000e6200000| PB 0x00000000e6200000| Complete 
|  99|0x00000000e6300000, 0x00000000e6400000, 0x00000000e6400000|100%| S|CS|TAMS 0x00000000e6300000| PB 0x00000000e6300000| Complete 
| 100|0x00000000e6400000, 0x00000000e6500000, 0x00000000e6500000|100%| S|CS|TAMS 0x00000000e6400000| PB 0x00000000e6400000| Complete 
| 101|0x00000000e6500000, 0x00000000e6600000, 0x00000000e6600000|100%| S|CS|TAMS 0x00000000e6500000| PB 0x00000000e6500000| Complete 
| 102|0x00000000e6600000, 0x00000000e6700000, 0x00000000e6700000|100%| S|CS|TAMS 0x00000000e6600000| PB 0x00000000e6600000| Complete 
| 103|0x00000000e6700000, 0x00000000e6700000, 0x00000000e6800000|  0%| F|  |TAMS 0x00000000e6700000| PB 0x00000000e6700000| Untracked 
| 104|0x00000000e6800000, 0x00000000e6800000, 0x00000000e6900000|  0%| F|  |TAMS 0x00000000e6800000| PB 0x00000000e6800000| Untracked 
| 105|0x00000000e6900000, 0x00000000e6900000, 0x00000000e6a00000|  0%| F|  |TAMS 0x00000000e6900000| PB 0x00000000e6900000| Untracked 
| 106|0x00000000e6a00000, 0x00000000e6a00000, 0x00000000e6b00000|  0%| F|  |TAMS 0x00000000e6a00000| PB 0x00000000e6a00000| Untracked 
| 107|0x00000000e6b00000, 0x00000000e6b00000, 0x00000000e6c00000|  0%| F|  |TAMS 0x00000000e6b00000| PB 0x00000000e6b00000| Untracked 
| 108|0x00000000e6c00000, 0x00000000e6c00000, 0x00000000e6d00000|  0%| F|  |TAMS 0x00000000e6c00000| PB 0x00000000e6c00000| Untracked 
| 109|0x00000000e6d00000, 0x00000000e6d00000, 0x00000000e6e00000|  0%| F|  |TAMS 0x00000000e6d00000| PB 0x00000000e6d00000| Untracked 
| 110|0x00000000e6e00000, 0x00000000e6e00000, 0x00000000e6f00000|  0%| F|  |TAMS 0x00000000e6e00000| PB 0x00000000e6e00000| Untracked 
| 111|0x00000000e6f00000, 0x00000000e6f00000, 0x00000000e7000000|  0%| F|  |TAMS 0x00000000e6f00000| PB 0x00000000e6f00000| Untracked 
| 112|0x00000000e7000000, 0x00000000e7000000, 0x00000000e7100000|  0%| F|  |TAMS 0x00000000e7000000| PB 0x00000000e7000000| Untracked 
| 113|0x00000000e7100000, 0x00000000e7100000, 0x00000000e7200000|  0%| F|  |TAMS 0x00000000e7100000| PB 0x00000000e7100000| Untracked 
| 114|0x00000000e7200000, 0x00000000e7200000, 0x00000000e7300000|  0%| F|  |TAMS 0x00000000e7200000| PB 0x00000000e7200000| Untracked 
| 115|0x00000000e7300000, 0x00000000e7300000, 0x00000000e7400000|  0%| F|  |TAMS 0x00000000e7300000| PB 0x00000000e7300000| Untracked 
| 116|0x00000000e7400000, 0x00000000e7400000, 0x00000000e7500000|  0%| F|  |TAMS 0x00000000e7400000| PB 0x00000000e7400000| Untracked 
| 117|0x00000000e7500000, 0x00000000e7500000, 0x00000000e7600000|  0%| F|  |TAMS 0x00000000e7500000| PB 0x00000000e7500000| Untracked 
| 118|0x00000000e7600000, 0x00000000e7600000, 0x00000000e7700000|  0%| F|  |TAMS 0x00000000e7600000| PB 0x00000000e7600000| Untracked 
| 119|0x00000000e7700000, 0x00000000e7700000, 0x00000000e7800000|  0%| F|  |TAMS 0x00000000e7700000| PB 0x00000000e7700000| Untracked 
| 120|0x00000000e7800000, 0x00000000e7800000, 0x00000000e7900000|  0%| F|  |TAMS 0x00000000e7800000| PB 0x00000000e7800000| Untracked 
| 121|0x00000000e7900000, 0x00000000e7900000, 0x00000000e7a00000|  0%| F|  |TAMS 0x00000000e7900000| PB 0x00000000e7900000| Untracked 
| 122|0x00000000e7a00000, 0x00000000e7a00000, 0x00000000e7b00000|  0%| F|  |TAMS 0x00000000e7a00000| PB 0x00000000e7a00000| Untracked 
| 123|0x00000000e7b00000, 0x00000000e7b00000, 0x00000000e7c00000|  0%| F|  |TAMS 0x00000000e7b00000| PB 0x00000000e7b00000| Untracked 
| 124|0x00000000e7c00000, 0x00000000e7c00000, 0x00000000e7d00000|  0%| F|  |TAMS 0x00000000e7c00000| PB 0x00000000e7c00000| Untracked 
| 125|0x00000000e7d00000, 0x00000000e7d00000, 0x00000000e7e00000|  0%| F|  |TAMS 0x00000000e7d00000| PB 0x00000000e7d00000| Untracked 
| 126|0x00000000e7e00000, 0x00000000e7e00000, 0x00000000e7f00000|  0%| F|  |TAMS 0x00000000e7e00000| PB 0x00000000e7e00000| Untracked 
| 127|0x00000000e7f00000, 0x00000000e7f00000, 0x00000000e8000000|  0%| F|  |TAMS 0x00000000e7f00000| PB 0x00000000e7f00000| Untracked 
| 128|0x00000000e8000000, 0x00000000e8000000, 0x00000000e8100000|  0%| F|  |TAMS 0x00000000e8000000| PB 0x00000000e8000000| Untracked 
| 129|0x00000000e8100000, 0x00000000e8100000, 0x00000000e8200000|  0%| F|  |TAMS 0x00000000e8100000| PB 0x00000000e8100000| Untracked 
| 130|0x00000000e8200000, 0x00000000e8200000, 0x00000000e8300000|  0%| F|  |TAMS 0x00000000e8200000| PB 0x00000000e8200000| Untracked 
| 131|0x00000000e8300000, 0x00000000e8300000, 0x00000000e8400000|  0%| F|  |TAMS 0x00000000e8300000| PB 0x00000000e8300000| Untracked 
| 132|0x00000000e8400000, 0x00000000e8400000, 0x00000000e8500000|  0%| F|  |TAMS 0x00000000e8400000| PB 0x00000000e8400000| Untracked 
| 133|0x00000000e8500000, 0x00000000e8500000, 0x00000000e8600000|  0%| F|  |TAMS 0x00000000e8500000| PB 0x00000000e8500000| Untracked 
| 134|0x00000000e8600000, 0x00000000e8600000, 0x00000000e8700000|  0%| F|  |TAMS 0x00000000e8600000| PB 0x00000000e8600000| Untracked 
| 135|0x00000000e8700000, 0x00000000e8700000, 0x00000000e8800000|  0%| F|  |TAMS 0x00000000e8700000| PB 0x00000000e8700000| Untracked 
| 136|0x00000000e8800000, 0x00000000e8800000, 0x00000000e8900000|  0%| F|  |TAMS 0x00000000e8800000| PB 0x00000000e8800000| Untracked 
| 137|0x00000000e8900000, 0x00000000e8900000, 0x00000000e8a00000|  0%| F|  |TAMS 0x00000000e8900000| PB 0x00000000e8900000| Untracked 
| 138|0x00000000e8a00000, 0x00000000e8a00000, 0x00000000e8b00000|  0%| F|  |TAMS 0x00000000e8a00000| PB 0x00000000e8a00000| Untracked 
| 139|0x00000000e8b00000, 0x00000000e8b00000, 0x00000000e8c00000|  0%| F|  |TAMS 0x00000000e8b00000| PB 0x00000000e8b00000| Untracked 
| 140|0x00000000e8c00000, 0x00000000e8c00000, 0x00000000e8d00000|  0%| F|  |TAMS 0x00000000e8c00000| PB 0x00000000e8c00000| Untracked 
| 141|0x00000000e8d00000, 0x00000000e8d00000, 0x00000000e8e00000|  0%| F|  |TAMS 0x00000000e8d00000| PB 0x00000000e8d00000| Untracked 
| 142|0x00000000e8e00000, 0x00000000e8e00000, 0x00000000e8f00000|  0%| F|  |TAMS 0x00000000e8e00000| PB 0x00000000e8e00000| Untracked 
| 143|0x00000000e8f00000, 0x00000000e8f00000, 0x00000000e9000000|  0%| F|  |TAMS 0x00000000e8f00000| PB 0x00000000e8f00000| Untracked 
| 144|0x00000000e9000000, 0x00000000e9000000, 0x00000000e9100000|  0%| F|  |TAMS 0x00000000e9000000| PB 0x00000000e9000000| Untracked 
| 145|0x00000000e9100000, 0x00000000e9100000, 0x00000000e9200000|  0%| F|  |TAMS 0x00000000e9100000| PB 0x00000000e9100000| Untracked 
| 146|0x00000000e9200000, 0x00000000e9200000, 0x00000000e9300000|  0%| F|  |TAMS 0x00000000e9200000| PB 0x00000000e9200000| Untracked 
| 147|0x00000000e9300000, 0x00000000e9300000, 0x00000000e9400000|  0%| F|  |TAMS 0x00000000e9300000| PB 0x00000000e9300000| Untracked 
| 148|0x00000000e9400000, 0x00000000e9400000, 0x00000000e9500000|  0%| F|  |TAMS 0x00000000e9400000| PB 0x00000000e9400000| Untracked 
| 149|0x00000000e9500000, 0x00000000e9500000, 0x00000000e9600000|  0%| F|  |TAMS 0x00000000e9500000| PB 0x00000000e9500000| Untracked 
| 150|0x00000000e9600000, 0x00000000e9600000, 0x00000000e9700000|  0%| F|  |TAMS 0x00000000e9600000| PB 0x00000000e9600000| Untracked 
| 151|0x00000000e9700000, 0x00000000e9700000, 0x00000000e9800000|  0%| F|  |TAMS 0x00000000e9700000| PB 0x00000000e9700000| Untracked 
| 152|0x00000000e9800000, 0x00000000e9800000, 0x00000000e9900000|  0%| F|  |TAMS 0x00000000e9800000| PB 0x00000000e9800000| Untracked 
| 153|0x00000000e9900000, 0x00000000e99566b0, 0x00000000e9a00000| 33%| E|  |TAMS 0x00000000e9900000| PB 0x00000000e9900000| Complete 
| 154|0x00000000e9a00000, 0x00000000e9b00000, 0x00000000e9b00000|100%| E|CS|TAMS 0x00000000e9a00000| PB 0x00000000e9a00000| Complete 
| 155|0x00000000e9b00000, 0x00000000e9c00000, 0x00000000e9c00000|100%| E|CS|TAMS 0x00000000e9b00000| PB 0x00000000e9b00000| Complete 
| 156|0x00000000e9c00000, 0x00000000e9d00000, 0x00000000e9d00000|100%| E|CS|TAMS 0x00000000e9c00000| PB 0x00000000e9c00000| Complete 
| 157|0x00000000e9d00000, 0x00000000e9e00000, 0x00000000e9e00000|100%| E|CS|TAMS 0x00000000e9d00000| PB 0x00000000e9d00000| Complete 
| 158|0x00000000e9e00000, 0x00000000e9f00000, 0x00000000e9f00000|100%| E|CS|TAMS 0x00000000e9e00000| PB 0x00000000e9e00000| Complete 
| 159|0x00000000e9f00000, 0x00000000ea000000, 0x00000000ea000000|100%| E|CS|TAMS 0x00000000e9f00000| PB 0x00000000e9f00000| Complete 
| 160|0x00000000ea000000, 0x00000000ea100000, 0x00000000ea100000|100%| E|CS|TAMS 0x00000000ea000000| PB 0x00000000ea000000| Complete 
| 161|0x00000000ea100000, 0x00000000ea200000, 0x00000000ea200000|100%| E|CS|TAMS 0x00000000ea100000| PB 0x00000000ea100000| Complete 
| 162|0x00000000ea200000, 0x00000000ea300000, 0x00000000ea300000|100%| E|CS|TAMS 0x00000000ea200000| PB 0x00000000ea200000| Complete 
| 163|0x00000000ea300000, 0x00000000ea400000, 0x00000000ea400000|100%| E|CS|TAMS 0x00000000ea300000| PB 0x00000000ea300000| Complete 
| 164|0x00000000ea400000, 0x00000000ea500000, 0x00000000ea500000|100%| E|CS|TAMS 0x00000000ea400000| PB 0x00000000ea400000| Complete 
| 165|0x00000000ea500000, 0x00000000ea600000, 0x00000000ea600000|100%| E|CS|TAMS 0x00000000ea500000| PB 0x00000000ea500000| Complete 
| 166|0x00000000ea600000, 0x00000000ea700000, 0x00000000ea700000|100%| E|CS|TAMS 0x00000000ea600000| PB 0x00000000ea600000| Complete 
| 167|0x00000000ea700000, 0x00000000ea800000, 0x00000000ea800000|100%| E|CS|TAMS 0x00000000ea700000| PB 0x00000000ea700000| Complete 
| 168|0x00000000ea800000, 0x00000000ea900000, 0x00000000ea900000|100%| E|CS|TAMS 0x00000000ea800000| PB 0x00000000ea800000| Complete 
| 169|0x00000000ea900000, 0x00000000eaa00000, 0x00000000eaa00000|100%| E|CS|TAMS 0x00000000ea900000| PB 0x00000000ea900000| Complete 
| 170|0x00000000eaa00000, 0x00000000eab00000, 0x00000000eab00000|100%| E|CS|TAMS 0x00000000eaa00000| PB 0x00000000eaa00000| Complete 
| 171|0x00000000eab00000, 0x00000000eac00000, 0x00000000eac00000|100%| E|CS|TAMS 0x00000000eab00000| PB 0x00000000eab00000| Complete 
| 172|0x00000000eac00000, 0x00000000ead00000, 0x00000000ead00000|100%| E|CS|TAMS 0x00000000eac00000| PB 0x00000000eac00000| Complete 
| 173|0x00000000ead00000, 0x00000000eae00000, 0x00000000eae00000|100%| E|CS|TAMS 0x00000000ead00000| PB 0x00000000ead00000| Complete 
| 174|0x00000000eae00000, 0x00000000eaf00000, 0x00000000eaf00000|100%| E|CS|TAMS 0x00000000eae00000| PB 0x00000000eae00000| Complete 
| 175|0x00000000eaf00000, 0x00000000eb000000, 0x00000000eb000000|100%| E|CS|TAMS 0x00000000eaf00000| PB 0x00000000eaf00000| Complete 
| 176|0x00000000eb000000, 0x00000000eb100000, 0x00000000eb100000|100%| E|CS|TAMS 0x00000000eb000000| PB 0x00000000eb000000| Complete 
| 177|0x00000000eb100000, 0x00000000eb200000, 0x00000000eb200000|100%| E|CS|TAMS 0x00000000eb100000| PB 0x00000000eb100000| Complete 
| 178|0x00000000eb200000, 0x00000000eb300000, 0x00000000eb300000|100%| E|CS|TAMS 0x00000000eb200000| PB 0x00000000eb200000| Complete 
| 179|0x00000000eb300000, 0x00000000eb400000, 0x00000000eb400000|100%| E|CS|TAMS 0x00000000eb300000| PB 0x00000000eb300000| Complete 
| 180|0x00000000eb400000, 0x00000000eb500000, 0x00000000eb500000|100%| E|CS|TAMS 0x00000000eb400000| PB 0x00000000eb400000| Complete 
| 181|0x00000000eb500000, 0x00000000eb600000, 0x00000000eb600000|100%| E|CS|TAMS 0x00000000eb500000| PB 0x00000000eb500000| Complete 
| 182|0x00000000eb600000, 0x00000000eb700000, 0x00000000eb700000|100%| E|CS|TAMS 0x00000000eb600000| PB 0x00000000eb600000| Complete 
| 183|0x00000000eb700000, 0x00000000eb800000, 0x00000000eb800000|100%| E|CS|TAMS 0x00000000eb700000| PB 0x00000000eb700000| Complete 
| 184|0x00000000eb800000, 0x00000000eb900000, 0x00000000eb900000|100%| E|CS|TAMS 0x00000000eb800000| PB 0x00000000eb800000| Complete 
| 185|0x00000000eb900000, 0x00000000eba00000, 0x00000000eba00000|100%| E|CS|TAMS 0x00000000eb900000| PB 0x00000000eb900000| Complete 
| 186|0x00000000eba00000, 0x00000000ebb00000, 0x00000000ebb00000|100%| E|CS|TAMS 0x00000000eba00000| PB 0x00000000eba00000| Complete 
| 187|0x00000000ebb00000, 0x00000000ebc00000, 0x00000000ebc00000|100%| E|CS|TAMS 0x00000000ebb00000| PB 0x00000000ebb00000| Complete 
| 188|0x00000000ebc00000, 0x00000000ebd00000, 0x00000000ebd00000|100%| E|CS|TAMS 0x00000000ebc00000| PB 0x00000000ebc00000| Complete 
| 189|0x00000000ebd00000, 0x00000000ebe00000, 0x00000000ebe00000|100%| E|CS|TAMS 0x00000000ebd00000| PB 0x00000000ebd00000| Complete 
| 190|0x00000000ebe00000, 0x00000000ebf00000, 0x00000000ebf00000|100%| E|CS|TAMS 0x00000000ebe00000| PB 0x00000000ebe00000| Complete 
| 191|0x00000000ebf00000, 0x00000000ec000000, 0x00000000ec000000|100%| E|CS|TAMS 0x00000000ebf00000| PB 0x00000000ebf00000| Complete 
| 192|0x00000000ec000000, 0x00000000ec100000, 0x00000000ec100000|100%| E|CS|TAMS 0x00000000ec000000| PB 0x00000000ec000000| Complete 
| 193|0x00000000ec100000, 0x00000000ec200000, 0x00000000ec200000|100%| E|CS|TAMS 0x00000000ec100000| PB 0x00000000ec100000| Complete 
| 194|0x00000000ec200000, 0x00000000ec300000, 0x00000000ec300000|100%| E|CS|TAMS 0x00000000ec200000| PB 0x00000000ec200000| Complete 
| 195|0x00000000ec300000, 0x00000000ec400000, 0x00000000ec400000|100%| E|CS|TAMS 0x00000000ec300000| PB 0x00000000ec300000| Complete 
| 196|0x00000000ec400000, 0x00000000ec500000, 0x00000000ec500000|100%| E|CS|TAMS 0x00000000ec400000| PB 0x00000000ec400000| Complete 
| 197|0x00000000ec500000, 0x00000000ec600000, 0x00000000ec600000|100%| E|CS|TAMS 0x00000000ec500000| PB 0x00000000ec500000| Complete 
| 198|0x00000000ec600000, 0x00000000ec700000, 0x00000000ec700000|100%| E|CS|TAMS 0x00000000ec600000| PB 0x00000000ec600000| Complete 
| 199|0x00000000ec700000, 0x00000000ec800000, 0x00000000ec800000|100%| E|CS|TAMS 0x00000000ec700000| PB 0x00000000ec700000| Complete 
| 200|0x00000000ec800000, 0x00000000ec900000, 0x00000000ec900000|100%| E|CS|TAMS 0x00000000ec800000| PB 0x00000000ec800000| Complete 
| 201|0x00000000ec900000, 0x00000000eca00000, 0x00000000eca00000|100%| E|CS|TAMS 0x00000000ec900000| PB 0x00000000ec900000| Complete 
| 202|0x00000000eca00000, 0x00000000ecb00000, 0x00000000ecb00000|100%| E|CS|TAMS 0x00000000eca00000| PB 0x00000000eca00000| Complete 
| 203|0x00000000ecb00000, 0x00000000ecc00000, 0x00000000ecc00000|100%| E|CS|TAMS 0x00000000ecb00000| PB 0x00000000ecb00000| Complete 
| 204|0x00000000ecc00000, 0x00000000ecd00000, 0x00000000ecd00000|100%| E|CS|TAMS 0x00000000ecc00000| PB 0x00000000ecc00000| Complete 
| 205|0x00000000ecd00000, 0x00000000ece00000, 0x00000000ece00000|100%| E|CS|TAMS 0x00000000ecd00000| PB 0x00000000ecd00000| Complete 
| 206|0x00000000ece00000, 0x00000000ecf00000, 0x00000000ecf00000|100%| E|CS|TAMS 0x00000000ece00000| PB 0x00000000ece00000| Complete 
| 207|0x00000000ecf00000, 0x00000000ed000000, 0x00000000ed000000|100%| E|CS|TAMS 0x00000000ecf00000| PB 0x00000000ecf00000| Complete 
| 208|0x00000000ed000000, 0x00000000ed100000, 0x00000000ed100000|100%| E|CS|TAMS 0x00000000ed000000| PB 0x00000000ed000000| Complete 
| 209|0x00000000ed100000, 0x00000000ed200000, 0x00000000ed200000|100%| E|CS|TAMS 0x00000000ed100000| PB 0x00000000ed100000| Complete 
| 210|0x00000000ed200000, 0x00000000ed300000, 0x00000000ed300000|100%| E|CS|TAMS 0x00000000ed200000| PB 0x00000000ed200000| Complete 
| 211|0x00000000ed300000, 0x00000000ed400000, 0x00000000ed400000|100%| E|CS|TAMS 0x00000000ed300000| PB 0x00000000ed300000| Complete 
| 212|0x00000000ed400000, 0x00000000ed500000, 0x00000000ed500000|100%| E|CS|TAMS 0x00000000ed400000| PB 0x00000000ed400000| Complete 
| 213|0x00000000ed500000, 0x00000000ed600000, 0x00000000ed600000|100%| E|CS|TAMS 0x00000000ed500000| PB 0x00000000ed500000| Complete 
| 214|0x00000000ed600000, 0x00000000ed700000, 0x00000000ed700000|100%| E|CS|TAMS 0x00000000ed600000| PB 0x00000000ed600000| Complete 
| 215|0x00000000ed700000, 0x00000000ed800000, 0x00000000ed800000|100%| E|CS|TAMS 0x00000000ed700000| PB 0x00000000ed700000| Complete 
| 216|0x00000000ed800000, 0x00000000ed900000, 0x00000000ed900000|100%| E|CS|TAMS 0x00000000ed800000| PB 0x00000000ed800000| Complete 
| 217|0x00000000ed900000, 0x00000000eda00000, 0x00000000eda00000|100%| E|CS|TAMS 0x00000000ed900000| PB 0x00000000ed900000| Complete 
| 218|0x00000000eda00000, 0x00000000edb00000, 0x00000000edb00000|100%| E|CS|TAMS 0x00000000eda00000| PB 0x00000000eda00000| Complete 
| 219|0x00000000edb00000, 0x00000000edc00000, 0x00000000edc00000|100%| E|CS|TAMS 0x00000000edb00000| PB 0x00000000edb00000| Complete 
| 220|0x00000000edc00000, 0x00000000edd00000, 0x00000000edd00000|100%| E|CS|TAMS 0x00000000edc00000| PB 0x00000000edc00000| Complete 
| 221|0x00000000edd00000, 0x00000000ede00000, 0x00000000ede00000|100%| E|CS|TAMS 0x00000000edd00000| PB 0x00000000edd00000| Complete 
| 222|0x00000000ede00000, 0x00000000edf00000, 0x00000000edf00000|100%| E|CS|TAMS 0x00000000ede00000| PB 0x00000000ede00000| Complete 
| 223|0x00000000edf00000, 0x00000000ee000000, 0x00000000ee000000|100%| E|CS|TAMS 0x00000000edf00000| PB 0x00000000edf00000| Complete 
| 224|0x00000000ee000000, 0x00000000ee100000, 0x00000000ee100000|100%| E|CS|TAMS 0x00000000ee000000| PB 0x00000000ee000000| Complete 
| 225|0x00000000ee100000, 0x00000000ee200000, 0x00000000ee200000|100%| E|CS|TAMS 0x00000000ee100000| PB 0x00000000ee100000| Complete 
| 226|0x00000000ee200000, 0x00000000ee300000, 0x00000000ee300000|100%| E|CS|TAMS 0x00000000ee200000| PB 0x00000000ee200000| Complete 
| 227|0x00000000ee300000, 0x00000000ee400000, 0x00000000ee400000|100%| E|CS|TAMS 0x00000000ee300000| PB 0x00000000ee300000| Complete 
| 228|0x00000000ee400000, 0x00000000ee500000, 0x00000000ee500000|100%| E|CS|TAMS 0x00000000ee400000| PB 0x00000000ee400000| Complete 
| 229|0x00000000ee500000, 0x00000000ee600000, 0x00000000ee600000|100%| E|CS|TAMS 0x00000000ee500000| PB 0x00000000ee500000| Complete 
| 230|0x00000000ee600000, 0x00000000ee700000, 0x00000000ee700000|100%| E|CS|TAMS 0x00000000ee600000| PB 0x00000000ee600000| Complete 
| 231|0x00000000ee700000, 0x00000000ee800000, 0x00000000ee800000|100%| E|CS|TAMS 0x00000000ee700000| PB 0x00000000ee700000| Complete 
| 232|0x00000000ee800000, 0x00000000ee900000, 0x00000000ee900000|100%| E|CS|TAMS 0x00000000ee800000| PB 0x00000000ee800000| Complete 
| 233|0x00000000ee900000, 0x00000000eea00000, 0x00000000eea00000|100%| E|CS|TAMS 0x00000000ee900000| PB 0x00000000ee900000| Complete 
| 234|0x00000000eea00000, 0x00000000eeb00000, 0x00000000eeb00000|100%| E|CS|TAMS 0x00000000eea00000| PB 0x00000000eea00000| Complete 
| 235|0x00000000eeb00000, 0x00000000eec00000, 0x00000000eec00000|100%| E|CS|TAMS 0x00000000eeb00000| PB 0x00000000eeb00000| Complete 
| 236|0x00000000eec00000, 0x00000000eed00000, 0x00000000eed00000|100%| E|CS|TAMS 0x00000000eec00000| PB 0x00000000eec00000| Complete 
| 237|0x00000000eed00000, 0x00000000eee00000, 0x00000000eee00000|100%| E|CS|TAMS 0x00000000eed00000| PB 0x00000000eed00000| Complete 
| 238|0x00000000eee00000, 0x00000000eef00000, 0x00000000eef00000|100%| E|CS|TAMS 0x00000000eee00000| PB 0x00000000eee00000| Complete 
| 239|0x00000000eef00000, 0x00000000ef000000, 0x00000000ef000000|100%| E|CS|TAMS 0x00000000eef00000| PB 0x00000000eef00000| Complete 
| 240|0x00000000ef000000, 0x00000000ef100000, 0x00000000ef100000|100%| E|CS|TAMS 0x00000000ef000000| PB 0x00000000ef000000| Complete 
| 241|0x00000000ef100000, 0x00000000ef200000, 0x00000000ef200000|100%| E|CS|TAMS 0x00000000ef100000| PB 0x00000000ef100000| Complete 
| 242|0x00000000ef200000, 0x00000000ef300000, 0x00000000ef300000|100%| E|CS|TAMS 0x00000000ef200000| PB 0x00000000ef200000| Complete 
| 243|0x00000000ef300000, 0x00000000ef400000, 0x00000000ef400000|100%| E|CS|TAMS 0x00000000ef300000| PB 0x00000000ef300000| Complete 
| 244|0x00000000ef400000, 0x00000000ef500000, 0x00000000ef500000|100%| E|CS|TAMS 0x00000000ef400000| PB 0x00000000ef400000| Complete 
| 245|0x00000000ef500000, 0x00000000ef600000, 0x00000000ef600000|100%| E|CS|TAMS 0x00000000ef500000| PB 0x00000000ef500000| Complete 
| 246|0x00000000ef600000, 0x00000000ef700000, 0x00000000ef700000|100%| E|CS|TAMS 0x00000000ef600000| PB 0x00000000ef600000| Complete 
| 247|0x00000000ef700000, 0x00000000ef800000, 0x00000000ef800000|100%| E|CS|TAMS 0x00000000ef700000| PB 0x00000000ef700000| Complete 
| 248|0x00000000ef800000, 0x00000000ef900000, 0x00000000ef900000|100%| E|CS|TAMS 0x00000000ef800000| PB 0x00000000ef800000| Complete 
| 249|0x00000000ef900000, 0x00000000efa00000, 0x00000000efa00000|100%| E|CS|TAMS 0x00000000ef900000| PB 0x00000000ef900000| Complete 
| 250|0x00000000efa00000, 0x00000000efb00000, 0x00000000efb00000|100%| E|CS|TAMS 0x00000000efa00000| PB 0x00000000efa00000| Complete 
| 251|0x00000000efb00000, 0x00000000efc00000, 0x00000000efc00000|100%| E|CS|TAMS 0x00000000efb00000| PB 0x00000000efb00000| Complete 
| 252|0x00000000efc00000, 0x00000000efd00000, 0x00000000efd00000|100%| E|CS|TAMS 0x00000000efc00000| PB 0x00000000efc00000| Complete 
| 253|0x00000000efd00000, 0x00000000efe00000, 0x00000000efe00000|100%| E|CS|TAMS 0x00000000efd00000| PB 0x00000000efd00000| Complete 
| 254|0x00000000efe00000, 0x00000000eff00000, 0x00000000eff00000|100%| E|CS|TAMS 0x00000000efe00000| PB 0x00000000efe00000| Complete 
| 255|0x00000000eff00000, 0x00000000f0000000, 0x00000000f0000000|100%| E|CS|TAMS 0x00000000eff00000| PB 0x00000000eff00000| Complete 

Card table byte_map: [0x000001fab4ae0000,0x000001fab4be0000] _byte_map_base: 0x000001fab43e0000

Marking Bits: (CMBitMap*) 0x000001faa23020a0
 Bits: [0x000001fab4be0000, 0x000001fab53e0000)

Polling page: 0x000001faa0080000

Metaspace:

Usage:
  Non-class:     42.23 MB used.
      Class:      7.05 MB used.
       Both:     49.28 MB used.

Virtual space:
  Non-class space:       64.00 MB reserved,      43.00 MB ( 67%) committed,  1 nodes.
      Class space:      320.00 MB reserved,       7.81 MB (  2%) committed,  1 nodes.
             Both:      384.00 MB reserved,      50.81 MB ( 13%) committed. 

Chunk freelists:
   Non-Class:  4.52 MB
       Class:  8.10 MB
        Both:  12.61 MB

MaxMetaspaceSize: 384.00 MB
CompressedClassSpaceSize: 320.00 MB
Initial GC threshold: 21.00 MB
Current GC threshold: 59.69 MB
CDS: on
 - commit_granule_bytes: 65536.
 - commit_granule_words: 8192.
 - virtual_space_node_default_size: 8388608.
 - enlarge_chunks_in_place: 1.
 - use_allocation_guard: 0.


Internal statistics:

num_allocs_failed_limit: 12.
num_arena_births: 2924.
num_arena_deaths: 172.
num_vsnodes_births: 2.
num_vsnodes_deaths: 0.
num_space_committed: 813.
num_space_uncommitted: 0.
num_chunks_returned_to_freelist: 195.
num_chunks_taken_from_freelist: 5327.
num_chunk_merges: 65.
num_chunk_splits: 3428.
num_chunks_enlarged: 2145.
num_inconsistent_stats: 0.

CodeHeap 'non-profiled nmethods': size=120000Kb used=3706Kb max_used=3706Kb free=116293Kb
 bounds [0x000001faacf60000, 0x000001faad300000, 0x000001fab4490000]
CodeHeap 'profiled nmethods': size=120000Kb used=11069Kb max_used=11069Kb free=108930Kb
 bounds [0x000001faa5490000, 0x000001faa5f60000, 0x000001faac9c0000]
CodeHeap 'non-nmethods': size=5760Kb used=2594Kb max_used=2643Kb free=3166Kb
 bounds [0x000001faac9c0000, 0x000001faacc60000, 0x000001faacf60000]
CodeCache: size=245760Kb, used=17369Kb, max_used=17418Kb, free=228389Kb
 total_blobs=6625, nmethods=5762, adapters=767, full_count=0
Compilation: enabled, stopped_count=0, restarted_count=0

Compilation events (20 events):
Event: 1285.504 Thread 0x000001fab803e930 nmethod 6401 0x000001faad2ea810 code [0x000001faad2eaa60, 0x000001faad2eb240]
Event: 1285.504 Thread 0x000001fab803e930 6402       4       sun.nio.ch.Util::offerFirstTemporaryDirectBuffer (53 bytes)
Event: 1285.519 Thread 0x000001fab803e930 nmethod 6402 0x000001faad2eb990 code [0x000001faad2ebb60, 0x000001faad2ebf20]
Event: 1290.112 Thread 0x000001fab803e930 6403       4       java.nio.DirectByteBuffer::address (42 bytes)
Event: 1290.115 Thread 0x000001fab803e930 nmethod 6403 0x000001faad2ec290 code [0x000001faad2ec420, 0x000001faad2ec4d0]
Event: 1291.063 Thread 0x000001fab803e930 6404  s    4       java.net.DatagramPacket::setPort (43 bytes)
Event: 1291.065 Thread 0x000001fab803e930 nmethod 6404 0x000001faad2ec590 code [0x000001faad2ec720, 0x000001faad2ec910]
Event: 1291.465 Thread 0x000001fab803e930 6405   !   4       java.io.RandomAccessFile::length (24 bytes)
Event: 1291.518 Thread 0x000001fab803e930 nmethod 6405 0x000001faad2ec990 code [0x000001faad2ecb40, 0x000001faad2ecc88]
Event: 1301.545 Thread 0x000001fab807ad90 6406       3       java.util.LinkedList::<init> (11 bytes)
Event: 1301.545 Thread 0x000001fab807ad90 nmethod 6406 0x000001faa5f5e410 code [0x000001faa5f5e5e0, 0x000001faa5f5e9a8]
Event: 1301.546 Thread 0x000001fab807ad90 6407       3       java.util.LinkedList::addAll (10 bytes)
Event: 1301.546 Thread 0x000001fab807ad90 nmethod 6407 0x000001faa5f5eb10 code [0x000001faa5f5ecc0, 0x000001faa5f5ee20]
Event: 1325.603 Thread 0x000001fab803e930 6408       4       sun.nio.ch.FileDispatcherImpl::release (8 bytes)
Event: 1325.605 Thread 0x000001fab803e930 nmethod 6408 0x000001faad2ece10 code [0x000001faad2ecfa0, 0x000001faad2ed058]
Event: 1325.875 Thread 0x000001fab803e930 6409       4       org.gradle.internal.time.ExponentialBackoff::retryUntil (65 bytes)
Event: 1327.034 Thread 0x000001fab803e930 nmethod 6409 0x000001faad2ed110 code [0x000001faad2edd20, 0x000001faad2f6ab8]
Event: 1329.796 Thread 0x000001fab807ad90 6410       3       java.util.LinkedHashSet::<init> (28 bytes)
Event: 1329.974 Thread 0x000001fab807ad90 nmethod 6410 0x000001faa5f5ef10 code [0x000001faa5f5f140, 0x000001faa5f5f5e8]
Event: 1334.797 Thread 0x000001fab803e930 6411       4       org.gradle.cache.internal.DefaultFileLockManager$DefaultFileLock$1::run (252 bytes)

GC Heap History (16 events):
Event: 23.164 GC heap before
{Heap before GC invocations=0 (full 0):
 garbage-first heap   total 262144K, used 26624K [0x00000000e0000000, 0x0000000100000000)
  region size 1024K, 23 young (23552K), 0 survivors (0K)
 Metaspace       used 1126K, committed 1216K, reserved 393216K
  class space    used 82K, committed 128K, reserved 327680K
}
Event: 23.574 GC heap after
{Heap after GC invocations=1 (full 0):
 garbage-first heap   total 262144K, used 10639K [0x00000000e0000000, 0x0000000100000000)
  region size 1024K, 3 young (3072K), 3 survivors (3072K)
 Metaspace       used 1126K, committed 1216K, reserved 393216K
  class space    used 82K, committed 128K, reserved 327680K
}
Event: 57.868 GC heap before
{Heap before GC invocations=1 (full 0):
 garbage-first heap   total 262144K, used 41359K [0x00000000e0000000, 0x0000000100000000)
  region size 1024K, 33 young (33792K), 3 survivors (3072K)
 Metaspace       used 4271K, committed 4480K, reserved 393216K
  class space    used 544K, committed 640K, reserved 327680K
}
Event: 57.876 GC heap after
{Heap after GC invocations=2 (full 0):
 garbage-first heap   total 262144K, used 12163K [0x00000000e0000000, 0x0000000100000000)
  region size 1024K, 2 young (2048K), 2 survivors (2048K)
 Metaspace       used 4271K, committed 4480K, reserved 393216K
  class space    used 544K, committed 640K, reserved 327680K
}
Event: 409.573 GC heap before
{Heap before GC invocations=2 (full 0):
 garbage-first heap   total 262144K, used 148355K [0x00000000e0000000, 0x0000000100000000)
  region size 1024K, 133 young (136192K), 2 survivors (2048K)
 Metaspace       used 16455K, committed 16960K, reserved 393216K
  class space    used 2207K, committed 2432K, reserved 327680K
}
Event: 409.752 GC heap after
{Heap after GC invocations=3 (full 0):
 garbage-first heap   total 262144K, used 22524K [0x00000000e0000000, 0x0000000100000000)
  region size 1024K, 11 young (11264K), 11 survivors (11264K)
 Metaspace       used 16455K, committed 16960K, reserved 393216K
  class space    used 2207K, committed 2432K, reserved 327680K
}
Event: 424.811 GC heap before
{Heap before GC invocations=3 (full 0):
 garbage-first heap   total 262144K, used 56316K [0x00000000e0000000, 0x0000000100000000)
  region size 1024K, 46 young (47104K), 11 survivors (11264K)
 Metaspace       used 20886K, committed 21504K, reserved 393216K
  class space    used 2966K, committed 3264K, reserved 327680K
}
Event: 424.822 GC heap after
{Heap after GC invocations=4 (full 0):
 garbage-first heap   total 262144K, used 24890K [0x00000000e0000000, 0x0000000100000000)
  region size 1024K, 12 young (12288K), 12 survivors (12288K)
 Metaspace       used 20886K, committed 21504K, reserved 393216K
  class space    used 2966K, committed 3264K, reserved 327680K
}
Event: 593.648 GC heap before
{Heap before GC invocations=5 (full 0):
 garbage-first heap   total 262144K, used 139578K [0x00000000e0000000, 0x0000000100000000)
  region size 1024K, 125 young (128000K), 12 survivors (12288K)
 Metaspace       used 34709K, committed 35968K, reserved 393216K
  class space    used 5078K, committed 5696K, reserved 327680K
}
Event: 593.691 GC heap after
{Heap after GC invocations=6 (full 0):
 garbage-first heap   total 262144K, used 31141K [0x00000000e0000000, 0x0000000100000000)
  region size 1024K, 9 young (9216K), 9 survivors (9216K)
 Metaspace       used 34709K, committed 35968K, reserved 393216K
  class space    used 5078K, committed 5696K, reserved 327680K
}
Event: 595.968 GC heap before
{Heap before GC invocations=6 (full 0):
 garbage-first heap   total 262144K, used 33189K [0x00000000e0000000, 0x0000000100000000)
  region size 1024K, 12 young (12288K), 9 survivors (9216K)
 Metaspace       used 35101K, committed 36288K, reserved 393216K
  class space    used 5114K, committed 5696K, reserved 327680K
}
Event: 595.983 GC heap after
{Heap after GC invocations=7 (full 0):
 garbage-first heap   total 262144K, used 31642K [0x00000000e0000000, 0x0000000100000000)
  region size 1024K, 9 young (9216K), 9 survivors (9216K)
 Metaspace       used 35101K, committed 36288K, reserved 393216K
  class space    used 5114K, committed 5696K, reserved 327680K
}
Event: 597.377 GC heap before
{Heap before GC invocations=7 (full 0):
 garbage-first heap   total 262144K, used 32666K [0x00000000e0000000, 0x0000000100000000)
  region size 1024K, 11 young (11264K), 9 survivors (9216K)
 Metaspace       used 35377K, committed 36608K, reserved 393216K
  class space    used 5155K, committed 5760K, reserved 327680K
}
Event: 597.399 GC heap after
{Heap after GC invocations=8 (full 0):
 garbage-first heap   total 262144K, used 31846K [0x00000000e0000000, 0x0000000100000000)
  region size 1024K, 9 young (9216K), 9 survivors (9216K)
 Metaspace       used 35377K, committed 36608K, reserved 393216K
  class space    used 5155K, committed 5760K, reserved 327680K
}
Event: 779.976 GC heap before
{Heap before GC invocations=9 (full 0):
 garbage-first heap   total 262144K, used 185446K [0x00000000e0000000, 0x0000000100000000)
  region size 1024K, 153 young (156672K), 9 survivors (9216K)
 Metaspace       used 47086K, committed 48512K, reserved 393216K
  class space    used 6644K, committed 7360K, reserved 327680K
}
Event: 780.004 GC heap after
{Heap after GC invocations=10 (full 0):
 garbage-first heap   total 262144K, used 38462K [0x00000000e0000000, 0x0000000100000000)
  region size 1024K, 16 young (16384K), 16 survivors (16384K)
 Metaspace       used 47086K, committed 48512K, reserved 393216K
  class space    used 6644K, committed 7360K, reserved 327680K
}

Dll operation events (20 events):
Event: 2.584 Attempting to load shared library C:\Users\altam\.vscode\extensions\redhat.java-1.56.0-win32-x64\jre\21.0.12.1-win32-x86_64\bin\nio.dll
Event: 2.586 Loaded shared library C:\Users\altam\.vscode\extensions\redhat.java-1.56.0-win32-x64\jre\21.0.12.1-win32-x86_64\bin\nio.dll
Event: 2.597 Attempting to load shared library C:\Users\altam\.vscode\extensions\redhat.java-1.56.0-win32-x64\jre\21.0.12.1-win32-x86_64\bin\zip.dll
Event: 2.597 Loaded shared library C:\Users\altam\.vscode\extensions\redhat.java-1.56.0-win32-x64\jre\21.0.12.1-win32-x86_64\bin\zip.dll
Event: 19.280 Attempting to load shared library C:\Users\altam\.vscode\extensions\redhat.java-1.56.0-win32-x64\jre\21.0.12.1-win32-x86_64\bin\jimage.dll
Event: 19.280 Loaded shared library C:\Users\altam\.vscode\extensions\redhat.java-1.56.0-win32-x64\jre\21.0.12.1-win32-x86_64\bin\jimage.dll
Event: 23.873 Attempting to load shared library C:\Users\altam\.vscode\extensions\redhat.java-1.56.0-win32-x64\jre\21.0.12.1-win32-x86_64\bin\verify.dll
Event: 23.876 Loaded shared library C:\Users\altam\.vscode\extensions\redhat.java-1.56.0-win32-x64\jre\21.0.12.1-win32-x86_64\bin\verify.dll
Event: 27.886 Attempting to load shared library C:\Users\altam\.gradle\native\c067742578af261105cb4f569cf0c3c89f3d7b1fecec35dd04571415982c5e48\windows-amd64\native-platform.dll
Event: 27.891 Loaded shared library C:\Users\altam\.gradle\native\c067742578af261105cb4f569cf0c3c89f3d7b1fecec35dd04571415982c5e48\windows-amd64\native-platform.dll
Event: 27.929 Attempting to load shared library C:\Users\altam\.gradle\native\100fb08df4bc3b14c8652ba06237920a3bd2aa13389f12d3474272988ae205f9\windows-amd64\native-platform-file-events.dll
Event: 28.237 Loaded shared library C:\Users\altam\.gradle\native\100fb08df4bc3b14c8652ba06237920a3bd2aa13389f12d3474272988ae205f9\windows-amd64\native-platform-file-events.dll
Event: 96.167 Attempting to load shared library C:\Users\altam\.vscode\extensions\redhat.java-1.56.0-win32-x64\jre\21.0.12.1-win32-x86_64\bin\management.dll
Event: 96.174 Loaded shared library C:\Users\altam\.vscode\extensions\redhat.java-1.56.0-win32-x64\jre\21.0.12.1-win32-x86_64\bin\management.dll
Event: 96.179 Attempting to load shared library C:\Users\altam\.vscode\extensions\redhat.java-1.56.0-win32-x64\jre\21.0.12.1-win32-x86_64\bin\management_ext.dll
Event: 96.181 Loaded shared library C:\Users\altam\.vscode\extensions\redhat.java-1.56.0-win32-x64\jre\21.0.12.1-win32-x86_64\bin\management_ext.dll
Event: 104.128 Attempting to load shared library C:\Users\altam\.vscode\extensions\redhat.java-1.56.0-win32-x64\jre\21.0.12.1-win32-x86_64\bin\extnet.dll
Event: 104.129 Loaded shared library C:\Users\altam\.vscode\extensions\redhat.java-1.56.0-win32-x64\jre\21.0.12.1-win32-x86_64\bin\extnet.dll
Event: 192.491 Attempting to load shared library C:\Users\altam\.vscode\extensions\redhat.java-1.56.0-win32-x64\jre\21.0.12.1-win32-x86_64\bin\sunmscapi.dll
Event: 192.503 Loaded shared library C:\Users\altam\.vscode\extensions\redhat.java-1.56.0-win32-x64\jre\21.0.12.1-win32-x86_64\bin\sunmscapi.dll

Deoptimization events (20 events):
Event: 1222.424 Thread 0x000001fad3880360 Uncommon trap: trap_request=0xffffffc6 fr.pc=0x000001faad2bc53c relative=0x000000000000009c
Event: 1222.424 Thread 0x000001fad3880360 Uncommon trap: reason=bimorphic_or_optimized_type_check action=maybe_recompile pc=0x000001faad2bc53c method=com.google.common.collect.TransformedIterator.hasNext()Z @ 4 c2
Event: 1222.424 Thread 0x000001fad3880360 DEOPT PACKING pc=0x000001faad2bc53c sp=0x0000008b766f9a70
Event: 1222.424 Thread 0x000001fad3880360 DEOPT UNPACKING pc=0x000001faaca14422 sp=0x0000008b766f9a00 mode 2
Event: 1222.447 Thread 0x000001fad3880360 Uncommon trap: trap_request=0xffffffc6 fr.pc=0x000001faad247e40 relative=0x0000000000000260
Event: 1222.447 Thread 0x000001fad3880360 Uncommon trap: reason=bimorphic_or_optimized_type_check action=maybe_recompile pc=0x000001faad247e40 method=java.util.Spliterators$IteratorSpliterator.tryAdvance(Ljava/util/function/Consumer;)Z @ 50 c2
Event: 1222.447 Thread 0x000001fad3880360 DEOPT PACKING pc=0x000001faad247e40 sp=0x0000008b766f9b70
Event: 1222.447 Thread 0x000001fad3880360 DEOPT UNPACKING pc=0x000001faaca14422 sp=0x0000008b766f9b10 mode 2
Event: 1223.435 Thread 0x000001fad3880360 Uncommon trap: trap_request=0xffffff45 fr.pc=0x000001faacfe9bb4 relative=0x00000000000001f4
Event: 1223.435 Thread 0x000001fad3880360 Uncommon trap: reason=unstable_if action=reinterpret pc=0x000001faacfe9bb4 method=java.net.URI$Parser.scan(IILjava/lang/String;)I @ 26 c2
Event: 1223.435 Thread 0x000001fad3880360 DEOPT PACKING pc=0x000001faacfe9bb4 sp=0x0000008b766f93f0
Event: 1223.435 Thread 0x000001fad3880360 DEOPT UNPACKING pc=0x000001faaca14422 sp=0x0000008b766f9380 mode 2
Event: 1223.435 Thread 0x000001fad3880360 Uncommon trap: trap_request=0xffffff45 fr.pc=0x000001faacfe0b2c relative=0x000000000000016c
Event: 1223.435 Thread 0x000001fad3880360 Uncommon trap: reason=unstable_if action=reinterpret pc=0x000001faacfe0b2c method=java.net.URI.match(CJJ)Z @ 45 c2
Event: 1223.435 Thread 0x000001fad3880360 DEOPT PACKING pc=0x000001faacfe0b2c sp=0x0000008b766f9160
Event: 1223.436 Thread 0x000001fad3880360 DEOPT UNPACKING pc=0x000001faaca14422 sp=0x0000008b766f9088 mode 2
Event: 1223.436 Thread 0x000001fad3880360 Uncommon trap: trap_request=0xffffff45 fr.pc=0x000001faacf9a978 relative=0x0000000000000058
Event: 1223.436 Thread 0x000001fad3880360 Uncommon trap: reason=unstable_if action=reinterpret pc=0x000001faacf9a978 method=java.net.URI.match(CJJ)Z @ 19 c2
Event: 1223.436 Thread 0x000001fad3880360 DEOPT PACKING pc=0x000001faacf9a978 sp=0x0000008b766f9170
Event: 1223.438 Thread 0x000001fad3880360 DEOPT UNPACKING pc=0x000001faaca14422 sp=0x0000008b766f9100 mode 2

Classes loaded (20 events):
Event: 1213.773 Loading class java/util/DualPivotQuicksort
Event: 1213.775 Loading class java/util/DualPivotQuicksort done
Event: 1224.048 Loading class javax/net/ssl/HostnameVerifier
Event: 1224.048 Loading class javax/net/ssl/HostnameVerifier done
Event: 1224.068 Loading class javax/net/ssl/TrustManager
Event: 1224.068 Loading class javax/net/ssl/TrustManager done
Event: 1224.075 Loading class javax/net/ssl/X509TrustManager
Event: 1224.075 Loading class javax/net/ssl/X509TrustManager done
Event: 1224.089 Loading class javax/net/ssl/SSLException
Event: 1224.089 Loading class javax/net/ssl/SSLException done
Event: 1224.090 Loading class javax/net/ssl/SSLPeerUnverifiedException
Event: 1224.090 Loading class javax/net/ssl/SSLPeerUnverifiedException done
Event: 1224.090 Loading class java/security/cert/CertificateParsingException
Event: 1224.090 Loading class java/security/cert/CertificateException
Event: 1224.091 Loading class java/security/cert/CertificateException done
Event: 1224.091 Loading class java/security/cert/CertificateParsingException done
Event: 1224.432 Loading class javax/naming/NamingException
Event: 1224.434 Loading class javax/naming/NamingException done
Event: 1224.434 Loading class javax/naming/InvalidNameException
Event: 1224.435 Loading class javax/naming/InvalidNameException done

Classes unloaded (20 events):
Event: 597.443 Thread 0x000001fab800c4c0 Unloading class 0x000001faba0ed800 'java/lang/invoke/LambdaForm$MH+0x000001faba0ed800'
Event: 597.443 Thread 0x000001fab800c4c0 Unloading class 0x000001faba0ed000 'java/lang/invoke/LambdaForm$MH+0x000001faba0ed000'
Event: 597.443 Thread 0x000001fab800c4c0 Unloading class 0x000001faba0ec000 'java/lang/invoke/LambdaForm$MH+0x000001faba0ec000'
Event: 597.443 Thread 0x000001fab800c4c0 Unloading class 0x000001faba0e3400 'java/lang/invoke/LambdaForm$MH+0x000001faba0e3400'
Event: 597.443 Thread 0x000001fab800c4c0 Unloading class 0x000001faba0e2c00 'java/lang/invoke/LambdaForm$MH+0x000001faba0e2c00'
Event: 597.443 Thread 0x000001fab800c4c0 Unloading class 0x000001faba0e1000 'java/lang/invoke/LambdaForm$MH+0x000001faba0e1000'
Event: 597.443 Thread 0x000001fab800c4c0 Unloading class 0x000001faba0e0c00 'java/lang/invoke/LambdaForm$MH+0x000001faba0e0c00'
Event: 597.443 Thread 0x000001fab800c4c0 Unloading class 0x000001faba0e0800 'java/lang/invoke/LambdaForm$MH+0x000001faba0e0800'
Event: 597.443 Thread 0x000001fab800c4c0 Unloading class 0x000001faba0d1c00 'java/lang/invoke/LambdaForm$MH+0x000001faba0d1c00'
Event: 597.443 Thread 0x000001fab800c4c0 Unloading class 0x000001faba0d1800 'java/lang/invoke/LambdaForm$MH+0x000001faba0d1800'
Event: 597.443 Thread 0x000001fab800c4c0 Unloading class 0x000001faba0d1400 'java/lang/invoke/LambdaForm$BMH+0x000001faba0d1400'
Event: 597.443 Thread 0x000001fab800c4c0 Unloading class 0x000001faba080000 'java/lang/invoke/LambdaForm$DMH+0x000001faba080000'
Event: 597.443 Thread 0x000001fab800c4c0 Unloading class 0x000001faba02a400 'java/lang/invoke/LambdaForm$MH+0x000001faba02a400'
Event: 597.443 Thread 0x000001fab800c4c0 Unloading class 0x000001faba02a000 'java/lang/invoke/LambdaForm$MH+0x000001faba02a000'
Event: 597.443 Thread 0x000001fab800c4c0 Unloading class 0x000001faba029c00 'java/lang/invoke/LambdaForm$MH+0x000001faba029c00'
Event: 597.443 Thread 0x000001fab800c4c0 Unloading class 0x000001faba028400 'java/lang/invoke/LambdaForm$MH+0x000001faba028400'
Event: 597.443 Thread 0x000001fab800c4c0 Unloading class 0x000001faba002400 'java/lang/invoke/LambdaForm$MH+0x000001faba002400'
Event: 597.443 Thread 0x000001fab800c4c0 Unloading class 0x000001faba002000 'java/lang/invoke/LambdaForm$MH+0x000001faba002000'
Event: 597.443 Thread 0x000001fab800c4c0 Unloading class 0x000001faba001c00 'java/lang/invoke/LambdaForm$MH+0x000001faba001c00'
Event: 597.443 Thread 0x000001fab800c4c0 Unloading class 0x000001faba001400 'java/lang/invoke/LambdaForm$MH+0x000001faba001400'

Classes redefined (0 events):
No events

Internal exceptions (20 events):
Event: 690.711 Thread 0x000001fad3880360 Implicit null exception at 0x000001faad1f207c to 0x000001faad1f2134
Event: 698.205 Thread 0x000001fad3880360 Exception <a 'java/lang/NoSuchMethodError'{0x00000000e94aef50}: 'java.lang.Object java.lang.invoke.DirectMethodHandle$Holder.newInvokeSpecial(java.lang.Object, java.lang.Object, java.lang.Object, java.lang.Object, java.lang.Object, java.lang.Object, java.lang.Object, java.lang.Object, java.lang.Object, java.lang.Object, java.lang.Object, java.lang.Object, java.lang.Object, java.lang.Object, java.lang.Object, java.lang.Object, java.lang.Object, java.lang.Object, java.lang.Object)'> (0x00000000e94aef50) 
thr
Event: 698.206 Thread 0x000001fad3880360 Exception <a 'java/lang/NoSuchMethodError'{0x00000000e94b57d8}: 'java.lang.Object java.lang.invoke.DirectMethodHandle$Holder.invokeSpecial(java.lang.Object, java.lang.Object, java.lang.Object, java.lang.Object, java.lang.Object, java.lang.Object, java.lang.Object, java.lang.Object, java.lang.Object, java.lang.Object, java.lang.Object, java.lang.Object, java.lang.Object, java.lang.Object, java.lang.Object, java.lang.Object, java.lang.Object, java.lang.Object, java.lang.Object, java.lang.Object)'> (0x0000000
Event: 698.209 Thread 0x000001fad3880360 Exception <a 'java/lang/NoSuchMethodError'{0x00000000e94bb028}: 'java.lang.Object java.lang.invoke.DelegatingMethodHandle$Holder.reinvoke_L(java.lang.Object, java.lang.Object, java.lang.Object, java.lang.Object, java.lang.Object, java.lang.Object, java.lang.Object, java.lang.Object, java.lang.Object, java.lang.Object, java.lang.Object, java.lang.Object, java.lang.Object, java.lang.Object, java.lang.Object, java.lang.Object, java.lang.Object, java.lang.Object, java.lang.Object)'> (0x00000000e94bb028) 
throw
Event: 698.239 Thread 0x000001fad3880360 Exception <a 'java/lang/IncompatibleClassChangeError'{0x00000000e9367d80}: Found class java.lang.Object, but interface was expected> (0x00000000e9367d80) 
thrown [s\src\hotspot\share\interpreter\linkResolver.cpp, line 840]
Event: 703.863 Thread 0x000001fad3880360 Exception <a 'java/lang/NoSuchMethodError'{0x00000000e90911c0}: 'java.lang.Object java.lang.invoke.DirectMethodHandle$Holder.newInvokeSpecial(java.lang.Object, int, java.lang.Object)'> (0x00000000e90911c0) 
thrown [s\src\hotspot\share\interpreter\linkResolver.cpp, line 773]
Event: 1200.013 Thread 0x000001fad3880360 Exception <a 'java/lang/ClassNotFoundException'{0x00000000ec06e2a8}: org/gradle/internal/metaobject/ConfigureDelegateBeanInfo> (0x00000000ec06e2a8) 
thrown [s\src\hotspot\share\classfile\systemDictionary.cpp, line 313]
Event: 1200.018 Thread 0x000001fad3880360 Exception <a 'java/lang/ClassNotFoundException'{0x00000000ec078bf8}: org/gradle/internal/metaobject/ConfigureDelegateCustomizer> (0x00000000ec078bf8) 
thrown [s\src\hotspot\share\classfile\systemDictionary.cpp, line 313]
Event: 1201.864 Thread 0x000001fad3880360 Exception <a 'java/lang/ClassNotFoundException'{0x00000000ebda0fd8}: org/gradle/api/internal/project/DefaultProject_DecoratedBeanInfo> (0x00000000ebda0fd8) 
thrown [s\src\hotspot\share\classfile\systemDictionary.cpp, line 313]
Event: 1201.873 Thread 0x000001fad3880360 Exception <a 'java/lang/ClassNotFoundException'{0x00000000ebdac888}: org/gradle/api/internal/project/DefaultProjectBeanInfo> (0x00000000ebdac888) 
thrown [s\src\hotspot\share\classfile\systemDictionary.cpp, line 313]
Event: 1201.880 Thread 0x000001fad3880360 Exception <a 'java/lang/ClassNotFoundException'{0x00000000ebdb8460}: org/gradle/api/internal/project/DefaultProjectCustomizer> (0x00000000ebdb8460) 
thrown [s\src\hotspot\share\classfile\systemDictionary.cpp, line 313]
Event: 1202.710 Thread 0x000001fad3880360 Exception <a 'java/lang/ClassNotFoundException'{0x00000000ebc6d770}: org/gradle/api/internal/project/DefaultProject_DecoratedCustomizer> (0x00000000ebc6d770) 
thrown [s\src\hotspot\share\classfile\systemDictionary.cpp, line 313]
Event: 1204.693 Thread 0x000001fad3880360 Exception <a 'java/lang/ClassNotFoundException'{0x00000000ebb43238}: org/gradle/configuration/internal/DefaultListenerBuildOperationDecorator$BuildOperationEmittingClosureBeanInfo> (0x00000000ebb43238) 
thrown [s\src\hotspot\share\classfile\systemDictionary.cpp, line 313]
Event: 1204.705 Thread 0x000001fad3880360 Exception <a 'java/lang/ClassNotFoundException'{0x00000000ebb4f5c8}: org/gradle/configuration/internal/DefaultListenerBuildOperationDecorator$BuildOperationEmittingClosureCustomizer> (0x00000000ebb4f5c8) 
thrown [s\src\hotspot\share\classfile\systemDictionary.cpp, line 313]
Event: 1212.799 Thread 0x000001fad3880360 Exception <a 'java/lang/NoSuchMethodError'{0x00000000eb66bfa8}: 'long java.lang.invoke.DirectMethodHandle$Holder.invokeStatic(java.lang.Object, long)'> (0x00000000eb66bfa8) 
thrown [s\src\hotspot\share\interpreter\linkResolver.cpp, line 773]
Event: 1215.983 Thread 0x000001fad3880360 Implicit null exception at 0x000001faad2c9743 to 0x000001faad2c9a7c
Event: 1223.033 Thread 0x000001fad3880360 Exception <a 'java/lang/NoSuchMethodError'{0x00000000eacd0be8}: 'java.lang.Object java.lang.invoke.DirectMethodHandle$Holder.invokeVirtual(java.lang.Object, java.lang.Object, java.lang.Object, java.lang.Object, java.lang.Object, java.lang.Object, java.lang.Object, java.lang.Object, java.lang.Object, java.lang.Object, java.lang.Object, java.lang.Object, java.lang.Object, java.lang.Object, java.lang.Object, java.lang.Object, java.lang.Object)'> (0x00000000eacd0be8) 
thrown [s\src\hotspot\share\interpreter\li
Event: 1223.050 Thread 0x000001fad3880360 Exception <a 'java/lang/NoSuchMethodError'{0x00000000eacd6e38}: 'java.lang.Object java.lang.invoke.DirectMethodHandle$Holder.invokeSpecial(java.lang.Object, java.lang.Object, java.lang.Object, java.lang.Object, java.lang.Object, java.lang.Object, java.lang.Object, java.lang.Object, java.lang.Object, java.lang.Object, java.lang.Object, java.lang.Object, java.lang.Object, java.lang.Object, java.lang.Object, java.lang.Object, java.lang.Object, java.lang.Object)'> (0x00000000eacd6e38) 
thrown [s\src\hotspot\sh
Event: 1223.067 Thread 0x000001fad3880360 Exception <a 'java/lang/NoSuchMethodError'{0x00000000eacdc390}: 'java.lang.Object java.lang.invoke.DelegatingMethodHandle$Holder.reinvoke_L(java.lang.Object, java.lang.Object, java.lang.Object, java.lang.Object, java.lang.Object, java.lang.Object, java.lang.Object, java.lang.Object, java.lang.Object, java.lang.Object, java.lang.Object, java.lang.Object, java.lang.Object, java.lang.Object, java.lang.Object, java.lang.Object, java.lang.Object)'> (0x00000000eacdc390) 
thrown [s\src\hotspot\share\interpreter\l
Event: 1226.319 Thread 0x000001fad3880360 Exception <a 'java/lang/NoSuchMethodError'{0x00000000ea902fc0}: 'void java.lang.invoke.DirectMethodHandle$Holder.invokeStatic(java.lang.Object, java.lang.Object, java.lang.Object, java.lang.Object, java.lang.Object, java.lang.Object)'> (0x00000000ea902fc0) 
thrown [s\src\hotspot\share\interpreter\linkResolver.cpp, line 773]

ZGC Phase Switch (0 events):
No events

VM Operations (20 events):
Event: 1218.654 Executing safepoint VM operation: Cleanup
Event: 1218.654 Executing safepoint VM operation: Cleanup done
Event: 1222.678 Executing safepoint VM operation: Cleanup
Event: 1222.976 Executing safepoint VM operation: Cleanup done
Event: 1223.979 Executing safepoint VM operation: Cleanup
Event: 1223.979 Executing safepoint VM operation: Cleanup done
Event: 1227.009 Executing safepoint VM operation: Cleanup
Event: 1227.010 Executing safepoint VM operation: Cleanup done
Event: 1228.020 Executing safepoint VM operation: Cleanup
Event: 1228.081 Executing safepoint VM operation: Cleanup done
Event: 1229.088 Executing safepoint VM operation: Cleanup
Event: 1229.088 Executing safepoint VM operation: Cleanup done
Event: 1240.203 Executing safepoint VM operation: Cleanup
Event: 1240.203 Executing safepoint VM operation: Cleanup done
Event: 1260.413 Executing safepoint VM operation: Cleanup
Event: 1260.413 Executing safepoint VM operation: Cleanup done
Event: 1262.430 Executing safepoint VM operation: Cleanup
Event: 1262.647 Executing safepoint VM operation: Cleanup done
Event: 1291.971 Executing safepoint VM operation: Cleanup
Event: 1291.971 Executing safepoint VM operation: Cleanup done

Memory protections (0 events):
No events

Nmethod flushes (20 events):
Event: 597.494 Thread 0x000001fab800c4c0 flushing  nmethod 0x000001faa5691b10
Event: 597.494 Thread 0x000001fab800c4c0 flushing  nmethod 0x000001faa57bb790
Event: 597.494 Thread 0x000001fab800c4c0 flushing  nmethod 0x000001faa57be510
Event: 597.494 Thread 0x000001fab800c4c0 flushing  nmethod 0x000001faa57bfb10
Event: 597.494 Thread 0x000001fab800c4c0 flushing  nmethod 0x000001faa57c0910
Event: 597.494 Thread 0x000001fab800c4c0 flushing  nmethod 0x000001faa57c1010
Event: 597.494 Thread 0x000001fab800c4c0 flushing  nmethod 0x000001faa57c3510
Event: 597.494 Thread 0x000001fab800c4c0 flushing  nmethod 0x000001faa57c4190
Event: 597.494 Thread 0x000001fab800c4c0 flushing  nmethod 0x000001faa5800110
Event: 597.494 Thread 0x000001fab800c4c0 flushing  nmethod 0x000001faa5805990
Event: 597.494 Thread 0x000001fab800c4c0 flushing  nmethod 0x000001faa581df10
Event: 597.494 Thread 0x000001fab800c4c0 flushing  nmethod 0x000001faa581e910
Event: 597.494 Thread 0x000001fab800c4c0 flushing  nmethod 0x000001faa5820110
Event: 597.494 Thread 0x000001fab800c4c0 flushing  nmethod 0x000001faa5906a10
Event: 597.494 Thread 0x000001fab800c4c0 flushing  nmethod 0x000001faa590bb10
Event: 597.494 Thread 0x000001fab800c4c0 flushing  nmethod 0x000001faa590e090
Event: 597.494 Thread 0x000001fab800c4c0 flushing  nmethod 0x000001faa59a5810
Event: 597.494 Thread 0x000001fab800c4c0 flushing  nmethod 0x000001faa59a6390
Event: 597.494 Thread 0x000001fab800c4c0 flushing  nmethod 0x000001faa59a6790
Event: 597.494 Thread 0x000001fab800c4c0 flushing  nmethod 0x000001faa5b37290

Events (20 events):
Event: 442.512 Thread 0x000001fad3880360 Thread added: 0x000001fad2857700
Event: 444.262 Thread 0x000001fad3880360 Thread added: 0x000001fad28569e0
Event: 446.635 Thread 0x000001fad3880360 Thread added: 0x000001fad2858420
Event: 464.651 Thread 0x000001fab807ad90 Thread added: 0x000001fad3d63b30
Event: 464.920 Thread 0x000001fad3d63b30 Thread exited: 0x000001fad3d63b30
Event: 484.234 Thread 0x000001fad3880360 Thread added: 0x000001fad2859140
Event: 558.668 Thread 0x000001fad2856350 Thread exited: 0x000001fad2856350
Event: 566.263 Thread 0x000001fad28521b0 Thread added: 0x000001fad28597d0
Event: 568.645 Thread 0x000001fad3880360 Thread added: 0x000001fad2856350
Event: 631.708 Thread 0x000001fad28597d0 Thread exited: 0x000001fad28597d0
Event: 635.885 Thread 0x000001fad28521b0 Thread added: 0x000001fad387d570
Event: 748.761 Thread 0x000001fad387d570 Thread exited: 0x000001fad387d570
Event: 773.312 Thread 0x000001fad28521b0 Thread added: 0x000001fad3fb4040
Event: 862.075 Thread 0x000001fad3fb4040 Thread exited: 0x000001fad3fb4040
Event: 946.116 Thread 0x000001fad28521b0 Thread added: 0x000001fad3fb46d0
Event: 1007.134 Thread 0x000001fad3fb46d0 Thread exited: 0x000001fad3fb46d0
Event: 1153.508 Thread 0x000001fad28521b0 Thread added: 0x000001fad3fb46d0
Event: 1214.434 Thread 0x000001fad3fb46d0 Thread exited: 0x000001fad3fb46d0
Event: 1231.280 Thread 0x000001fad28521b0 Thread added: 0x000001fad3fb4d60
Event: 1292.153 Thread 0x000001fad3fb4d60 Thread exited: 0x000001fad3fb4d60


Dynamic libraries:
0x00007ff791b90000 - 0x00007ff791b9e000 	C:\Users\altam\.vscode\extensions\redhat.java-1.56.0-win32-x64\jre\21.0.12.1-win32-x86_64\bin\java.exe
0x00007ffa58740000 - 0x00007ffa589a7000 	C:\WINDOWS\SYSTEM32\ntdll.dll
0x00007ffa57b70000 - 0x00007ffa57c3b000 	C:\WINDOWS\System32\KERNEL32.DLL
0x00007ffa55c70000 - 0x00007ffa56072000 	C:\WINDOWS\System32\KERNELBASE.dll
0x00007ffa560b0000 - 0x00007ffa561fc000 	C:\WINDOWS\System32\ucrtbase.dll
0x00007ffa0e180000 - 0x00007ffa0e198000 	C:\Users\altam\.vscode\extensions\redhat.java-1.56.0-win32-x64\jre\21.0.12.1-win32-x86_64\bin\jli.dll
0x00007ffa58340000 - 0x00007ffa5850f000 	C:\WINDOWS\System32\USER32.dll
0x00007ffa56080000 - 0x00007ffa560a7000 	C:\WINDOWS\System32\win32u.dll
0x00007ffa58520000 - 0x00007ffa5854b000 	C:\WINDOWS\System32\GDI32.dll
0x00007ffa55940000 - 0x00007ffa55a69000 	C:\WINDOWS\System32\gdi32full.dll
0x00007ffa55bc0000 - 0x00007ffa55c63000 	C:\WINDOWS\System32\msvcp_win.dll
0x00007ffa0e1a0000 - 0x00007ffa0e1be000 	C:\Users\altam\.vscode\extensions\redhat.java-1.56.0-win32-x64\jre\21.0.12.1-win32-x86_64\bin\VCRUNTIME140.dll
0x00007ffa33a00000 - 0x00007ffa33c90000 	C:\WINDOWS\WinSxS\amd64_microsoft.windows.common-controls_6595b64144ccf1df_6.0.26100.9278_none_3e0d1ba8e3303201\COMCTL32.dll
0x00007ffa57820000 - 0x00007ffa578c9000 	C:\WINDOWS\System32\msvcrt.dll
0x00007ffa57b30000 - 0x00007ffa57b61000 	C:\WINDOWS\System32\IMM32.DLL
0x00007ffa0c570000 - 0x00007ffa0c66a000 	C:\Program Files\Topaz OFD\Warsaw\wslbscrwh64.dll
0x00007ffa57eb0000 - 0x00007ffa57f6c000 	C:\WINDOWS\System32\ADVAPI32.dll
0x00007ffa578d0000 - 0x00007ffa57979000 	C:\WINDOWS\System32\sechost.dll
0x00007ffa57620000 - 0x00007ffa57738000 	C:\WINDOWS\System32\RPCRT4.dll
0x00007ffa54700000 - 0x00007ffa54736000 	C:\WINDOWS\SYSTEM32\ntmarta.dll
0x00007ffa0c860000 - 0x00007ffa0c97a000 	C:\Program Files\Topaz OFD\Warsaw\wslbscr64.dll
0x00007ffa56960000 - 0x00007ffa570f8000 	C:\WINDOWS\System32\SHELL32.dll
0x00007ffa42a80000 - 0x00007ffa42a8c000 	C:\Users\altam\.vscode\extensions\redhat.java-1.56.0-win32-x64\jre\21.0.12.1-win32-x86_64\bin\vcruntime140_1.dll
0x00007ffa0e0f0000 - 0x00007ffa0e17d000 	C:\Users\altam\.vscode\extensions\redhat.java-1.56.0-win32-x64\jre\21.0.12.1-win32-x86_64\bin\msvcp140.dll
0x00007ff95ec80000 - 0x00007ff95fa22000 	C:\Users\altam\.vscode\extensions\redhat.java-1.56.0-win32-x64\jre\21.0.12.1-win32-x86_64\bin\server\jvm.dll
0x00007ffa57a80000 - 0x00007ffa57b00000 	C:\WINDOWS\System32\WS2_32.dll
0x00007ffa557a0000 - 0x00007ffa557fe000 	C:\WINDOWS\SYSTEM32\POWRPROF.dll
0x00007ffa4db70000 - 0x00007ffa4dba6000 	C:\WINDOWS\SYSTEM32\WINMM.dll
0x00007ffa4a220000 - 0x00007ffa4a22b000 	C:\WINDOWS\SYSTEM32\VERSION.dll
0x00007ffa55780000 - 0x00007ffa55795000 	C:\WINDOWS\SYSTEM32\UMPDC.dll
0x00007ffa545d0000 - 0x00007ffa545eb000 	C:\WINDOWS\SYSTEM32\kernel.appcore.dll
0x00007ffa3fdb0000 - 0x00007ffa3fdba000 	C:\Users\altam\.vscode\extensions\redhat.java-1.56.0-win32-x64\jre\21.0.12.1-win32-x86_64\bin\jimage.dll
0x00007ffa530a0000 - 0x00007ffa532ec000 	C:\WINDOWS\SYSTEM32\DBGHELP.DLL
0x00007ffa57fb0000 - 0x00007ffa58335000 	C:\WINDOWS\System32\combase.dll
0x00007ffa57740000 - 0x00007ffa57819000 	C:\WINDOWS\System32\OLEAUT32.dll
0x00007ffa2e300000 - 0x00007ffa2e33b000 	C:\WINDOWS\SYSTEM32\dbgcore.DLL
0x000001faa1990000 - 0x000001faa1a3c000 	C:\WINDOWS\System32\bcryptPrimitives.dll
0x00007ffa0d0e0000 - 0x00007ffa0d0ef000 	C:\Users\altam\.vscode\extensions\redhat.java-1.56.0-win32-x64\jre\21.0.12.1-win32-x86_64\bin\instrument.dll
0x00007ffa0e0d0000 - 0x00007ffa0e0f0000 	C:\Users\altam\.vscode\extensions\redhat.java-1.56.0-win32-x64\jre\21.0.12.1-win32-x86_64\bin\java.dll
0x00007ffa53360000 - 0x00007ffa53c0e000 	C:\WINDOWS\SYSTEM32\windows.storage.dll
0x00007ffa57980000 - 0x00007ffa57a7b000 	C:\WINDOWS\System32\SHCORE.dll
0x00007ffa57100000 - 0x00007ffa57166000 	C:\WINDOWS\System32\shlwapi.dll
0x00007ffa55860000 - 0x00007ffa55889000 	C:\WINDOWS\SYSTEM32\profapi.dll
0x00007ffa0e0b0000 - 0x00007ffa0e0c8000 	C:\Users\altam\.vscode\extensions\redhat.java-1.56.0-win32-x64\jre\21.0.12.1-win32-x86_64\bin\zip.dll
0x00007ffa3f840000 - 0x00007ffa3f850000 	C:\Users\altam\.vscode\extensions\redhat.java-1.56.0-win32-x64\jre\21.0.12.1-win32-x86_64\bin\net.dll
0x00007ffa4e520000 - 0x00007ffa4e64a000 	C:\WINDOWS\SYSTEM32\WINHTTP.dll
0x00007ffa54b70000 - 0x00007ffa54bdc000 	C:\WINDOWS\system32\mswsock.dll
0x00007ffa0e090000 - 0x00007ffa0e0a6000 	C:\Users\altam\.vscode\extensions\redhat.java-1.56.0-win32-x64\jre\21.0.12.1-win32-x86_64\bin\nio.dll
0x00007ffa35e30000 - 0x00007ffa35e40000 	C:\Users\altam\.vscode\extensions\redhat.java-1.56.0-win32-x64\jre\21.0.12.1-win32-x86_64\bin\verify.dll
0x00007ffa51da0000 - 0x00007ffa51dc7000 	C:\Users\altam\.gradle\native\c067742578af261105cb4f569cf0c3c89f3d7b1fecec35dd04571415982c5e48\windows-amd64\native-platform.dll
0x00007ffa0d750000 - 0x00007ffa0d894000 	C:\Users\altam\.gradle\native\100fb08df4bc3b14c8652ba06237920a3bd2aa13389f12d3474272988ae205f9\windows-amd64\native-platform-file-events.dll
0x00007ffa258d0000 - 0x00007ffa258da000 	C:\Users\altam\.vscode\extensions\redhat.java-1.56.0-win32-x64\jre\21.0.12.1-win32-x86_64\bin\management.dll
0x00007ffa0d0f0000 - 0x00007ffa0d0fc000 	C:\Users\altam\.vscode\extensions\redhat.java-1.56.0-win32-x64\jre\21.0.12.1-win32-x86_64\bin\management_ext.dll
0x00007ffa57fa0000 - 0x00007ffa57fa8000 	C:\WINDOWS\System32\PSAPI.DLL
0x00007ffa54f90000 - 0x00007ffa54fab000 	C:\WINDOWS\SYSTEM32\CRYPTSP.dll
0x00007ffa54530000 - 0x00007ffa54569000 	C:\WINDOWS\system32\rsaenh.dll
0x00007ffa54c20000 - 0x00007ffa54c54000 	C:\WINDOWS\SYSTEM32\USERENV.dll
0x00007ffa55830000 - 0x00007ffa5585a000 	C:\WINDOWS\SYSTEM32\bcrypt.dll
0x00007ffa54dd0000 - 0x00007ffa54ddc000 	C:\WINDOWS\SYSTEM32\CRYPTBASE.dll
0x00007ffa54030000 - 0x00007ffa54063000 	C:\WINDOWS\SYSTEM32\IPHLPAPI.DLL
0x00007ffa57170000 - 0x00007ffa5717a000 	C:\WINDOWS\System32\NSI.dll
0x00007ffa08900000 - 0x00007ffa08909000 	C:\Users\altam\.vscode\extensions\redhat.java-1.56.0-win32-x64\jre\21.0.12.1-win32-x86_64\bin\extnet.dll
0x00007ffa01800000 - 0x00007ffa0180e000 	C:\Users\altam\.vscode\extensions\redhat.java-1.56.0-win32-x64\jre\21.0.12.1-win32-x86_64\bin\sunmscapi.dll
0x00007ffa562d0000 - 0x00007ffa5644e000 	C:\WINDOWS\System32\CRYPT32.dll
0x00007ffa55100000 - 0x00007ffa55130000 	C:\WINDOWS\SYSTEM32\ncrypt.dll
0x00007ffa550b0000 - 0x00007ffa550ef000 	C:\WINDOWS\SYSTEM32\NTASN1.dll
0x00007ffa41cd0000 - 0x00007ffa41cd8000 	C:\WINDOWS\system32\wshunix.dll

JVMTI agents:
C:\Users\altam\.gradle\wrapper\dists\gradle-8.9-bin\90cnw93cvbtalezasaz0blq0a\gradle-8.9\lib\agents\gradle-instrumentation-agent-8.9.jar path:C:\Users\altam\.vscode\extensions\redhat.java-1.56.0-win32-x64\jre\21.0.12.1-win32-x86_64\bin\instrument.dll, loaded, initialized, instrumentlib options:none

dbghelp: loaded successfully - version: 4.0.5 - missing functions: none
symbol engine: initialized successfully - sym options: 0x614 - pdb path: .;C:\Users\altam\.vscode\extensions\redhat.java-1.56.0-win32-x64\jre\21.0.12.1-win32-x86_64\bin;C:\WINDOWS\SYSTEM32;C:\WINDOWS\WinSxS\amd64_microsoft.windows.common-controls_6595b64144ccf1df_6.0.26100.9278_none_3e0d1ba8e3303201;C:\Program Files\Topaz OFD\Warsaw;C:\Users\altam\.vscode\extensions\redhat.java-1.56.0-win32-x64\jre\21.0.12.1-win32-x86_64\bin\server;C:\Users\altam\.gradle\native\c067742578af261105cb4f569cf0c3c89f3d7b1fecec35dd04571415982c5e48\windows-amd64;C:\Users\altam\.gradle\native\100fb08df4bc3b14c8652ba06237920a3bd2aa13389f12d3474272988ae205f9\windows-amd64

VM Arguments:
jvm_args: --add-opens=java.base/java.util=ALL-UNNAMED --add-opens=java.base/java.lang=ALL-UNNAMED --add-opens=java.base/java.lang.invoke=ALL-UNNAMED --add-opens=java.prefs/java.util.prefs=ALL-UNNAMED --add-exports=jdk.compiler/com.sun.tools.javac.api=ALL-UNNAMED --add-exports=jdk.compiler/com.sun.tools.javac.util=ALL-UNNAMED --add-opens=java.base/java.nio.charset=ALL-UNNAMED --add-opens=java.base/java.net=ALL-UNNAMED --add-opens=java.base/java.util.concurrent.atomic=ALL-UNNAMED -XX:MaxMetaspaceSize=384m -XX:+HeapDumpOnOutOfMemoryError -Xms256m -Xmx512m -Dfile.encoding=utf8 -Duser.country=BR -Duser.language=pt -Duser.variant -javaagent:C:\Users\altam\.gradle\wrapper\dists\gradle-8.9-bin\90cnw93cvbtalezasaz0blq0a\gradle-8.9\lib\agents\gradle-instrumentation-agent-8.9.jar 
java_command: org.gradle.launcher.daemon.bootstrap.GradleDaemon 8.9
java_class_path (initial): C:\Users\altam\.gradle\wrapper\dists\gradle-8.9-bin\90cnw93cvbtalezasaz0blq0a\gradle-8.9\lib\gradle-daemon-main-8.9.jar
Launcher Type: SUN_STANDARD

[Global flags]
     intx CICompilerCount                          = 4                                         {product} {ergonomic}
   size_t CompressedClassSpaceSize                 = 335544320                                 {product} {ergonomic}
     uint ConcGCThreads                            = 3                                         {product} {ergonomic}
     uint G1ConcRefinementThreads                  = 10                                        {product} {ergonomic}
   size_t G1HeapRegionSize                         = 1048576                                   {product} {ergonomic}
    uintx GCDrainStackTargetSize                   = 64                                        {product} {ergonomic}
     bool HeapDumpOnOutOfMemoryError               = true                                   {manageable} {command line}
   size_t InitialHeapSize                          = 268435456                                 {product} {command line}
   size_t MarkStackSize                            = 4194304                                   {product} {ergonomic}
   size_t MaxHeapSize                              = 536870912                                 {product} {command line}
   size_t MaxMetaspaceSize                         = 402653184                                 {product} {command line}
   size_t MaxNewSize                               = 321912832                                 {product} {ergonomic}
   size_t MinHeapDeltaBytes                        = 1048576                                   {product} {ergonomic}
   size_t MinHeapSize                              = 268435456                                 {product} {command line}
    uintx NonNMethodCodeHeapSize                   = 5839372                                {pd product} {ergonomic}
    uintx NonProfiledCodeHeapSize                  = 122909434                              {pd product} {ergonomic}
    uintx ProfiledCodeHeapSize                     = 122909434                              {pd product} {ergonomic}
    uintx ReservedCodeCacheSize                    = 251658240                              {pd product} {ergonomic}
     bool SegmentedCodeCache                       = true                                      {product} {ergonomic}
   size_t SoftMaxHeapSize                          = 536870912                              {manageable} {ergonomic}
     bool UseCompressedOops                        = true                           {product lp64_product} {ergonomic}
     bool UseG1GC                                  = true                                      {product} {ergonomic}
     bool UseLargePagesIndividualAllocation        = false                                  {pd product} {ergonomic}

Logging:
Log output configuration:
 #0: stdout all=warning uptime,level,tags foldmultilines=false
 #1: stderr all=off uptime,level,tags foldmultilines=false

Release file:
JAVA_VERSION="21.0.12.1" 
MODULES="java.base java.compiler java.datatransfer java.xml java.prefs java.desktop java.instrument java.logging java.management java.security.sasl java.naming java.rmi java.management.rmi java.net.http java.scripting java.security.jgss java.transaction.xa java.sql java.sql.rowset java.xml.crypto java.se java.smartcardio jdk.accessibility jdk.internal.jvmstat jdk.attach jdk.charsets jdk.internal.opt jdk.zipfs jdk.compiler jdk.crypto.ec jdk.crypto.cryptoki jdk.crypto.mscapi jdk.dynalink jdk.internal.ed jdk.editpad jdk.hotspot.agent jdk.httpserver jdk.internal.le jdk.internal.vm.ci jdk.internal.vm.compiler jdk.internal.vm.compiler.management jdk.jartool jdk.javadoc jdk.jcmd jdk.management jdk.management.agent jdk.jconsole jdk.jdeps jdk.jdwp.agent jdk.jdi jdk.jfr jdk.jshell jdk.jsobject jdk.jstatd jdk.localedata jdk.management.jfr jdk.naming.dns jdk.naming.rmi jdk.net jdk.nio.mapmode jdk.random jdk.sctp jdk.security.auth jdk.security.jgss jdk.unsupported jdk.unsupported.desktop jdk.xml.dom" 

Environment Variables:
JAVA_HOME=C:\Program Files\Java\jdk-25.0.3
PATH=C:\Program Files\Python311\Scripts\;C:\Program Files\Python311\;C:\WINDOWS\system32;C:\WINDOWS;C:\WINDOWS\System32\Wbem;C:\WINDOWS\System32\WindowsPowerShell\v1.0\;C:\WINDOWS\System32\OpenSSH\;C:\Program Files\dotnet\;C:\Program Files\Java\jdk-25.0.3\bin;C:\Program Files\maven\bin;C:\Program Files\Git\cmd;C:\Users\altam\AppData\Roaming\nvm;C:\Program Files\nodejs;C:\Program Files (x86)\Git Credential Manager;C:\Program Files\Amazon\AWSCLIV2\;C:\desenvolvimento\supabase;C:\Users\altam\AppData\Local\Android\Sdk\platform-tools;C:\Program Files\WireGuard\;C:\Program Files\Go\bin;C:\Program Files (x86)\Bitvise SSH Client;C:\Users\altam\AppData\Local\agy\bin;C:\Users\altam\AppData\Local\Programs\Python\Python313\Scripts\;C:\Users\altam\AppData\Local\Programs\Python\Python313\;C:\Users\altam\AppData\Local\Microsoft\WindowsApps;C:\Users\altam\AppData\Local\Programs\Microsoft VS Code\bin;C:\Users\altam\AppData\Roaming\nvm;C:\Program Files\nodejs;C:\desenvolvimento\openssl-3.3.1;C:\Users\altam\.bun\bin;C:\Users\altam\AppData\Local\Programs\Kiro\bin;C:\Users\altam\.dotnet\tools;C:\Users\altam\go\bin;C:\Users\altam\AppData\Local\Kiro-Cli\
USERNAME=altam
OS=Windows_NT
PROCESSOR_IDENTIFIER=Intel64 Family 6 Model 186 Stepping 3, GenuineIntel
TMP=C:\Users\altam\AppData\Local\Temp
TEMP=C:\Users\altam\AppData\Local\Temp




Periodic native trim disabled

---------------  S Y S T E M  ---------------

OS:
 Windows 11 , 64 bit Build 26100 (10.0.26100.9444)
OS uptime: 0 days 10:23 hours
Hyper-V role detected

CPU: total 12 (initial active 12) (6 cores per cpu, 2 threads per core) family 6 model 186 stepping 3 microcode 0x6134, cx8, cmov, fxsr, ht, mmx, 3dnowpref, sse, sse2, sse3, ssse3, sse4.1, sse4.2, popcnt, lzcnt, tsc, tscinvbit, avx, avx2, aes, erms, clmul, bmi1, bmi2, adx, sha, fma, vzeroupper, clflush, clflushopt, clwb, hv, serialize, rdtscp, rdpid, fsrm, f16c, cet_ibt, cet_ss
Processor Information for processor 0
  Max Mhz: 1800, Current Mhz: 1800, Mhz Limit: 1800
Processor Information for processor 1
  Max Mhz: 1800, Current Mhz: 1800, Mhz Limit: 1800
Processor Information for processor 2
  Max Mhz: 1800, Current Mhz: 1800, Mhz Limit: 1800
Processor Information for processor 3
  Max Mhz: 1800, Current Mhz: 1800, Mhz Limit: 1800
Processor Information for processor 4
  Max Mhz: 1800, Current Mhz: 1523, Mhz Limit: 1800
Processor Information for processor 5
  Max Mhz: 1800, Current Mhz: 1800, Mhz Limit: 1800
Processor Information for processor 6
  Max Mhz: 1800, Current Mhz: 1800, Mhz Limit: 1800
Processor Information for processor 7
  Max Mhz: 1800, Current Mhz: 1800, Mhz Limit: 1800
Processor Information for processor 8
  Max Mhz: 1800, Current Mhz: 1800, Mhz Limit: 1800
Processor Information for processor 9
  Max Mhz: 1800, Current Mhz: 1800, Mhz Limit: 1800
Processor Information for processor 10
  Max Mhz: 1800, Current Mhz: 1800, Mhz Limit: 1800
Processor Information for processor 11
  Max Mhz: 1800, Current Mhz: 1800, Mhz Limit: 1800

Memory: 4k page, system-wide physical 32452M (546M free)
TotalPageFile size 77255M (AvailPageFile size 969M)
current process WorkingSet (physical memory assigned to process): 171M, peak: 315M
current process commit charge ("private bytes"): 467M, peak: 481M

vm_info: OpenJDK 64-Bit Server VM (21.0.12.1+1-LTS) for windows-amd64 JRE (21.0.12.1+1-LTS), built on 2026-08-18T00:00:00Z by "admin" with MS VC++ 17.12 (VS2022)

END.
