#
# There is insufficient memory for the Java Runtime Environment to continue.
# Native memory allocation (mmap) failed to map 532676608 bytes. Error detail: G1 virtual space
# Possible reasons:
#   The system is out of physical RAM or swap space
#   This process is running with CompressedOops enabled, and the Java Heap may be blocking the growth of the native heap
# Possible solutions:
#   Reduce memory load on the system
#   Increase physical memory or swap space
#   Check if swap backing store is full
#   Decrease Java heap size (-Xmx/-Xms)
#   Decrease number of Java threads
#   Decrease Java thread stack sizes (-Xss)
#   Set larger code cache with -XX:ReservedCodeCacheSize=
#   JVM is running with Zero Based Compressed Oops mode in which the Java heap is
#     placed in the first 32GB address space. The Java Heap base address is the
#     maximum limit for the native heap growth. Please use -XX:HeapBaseMinAddress
#     to set the Java Heap base and to place the Java Heap above 32GB virtual address.
# This output file may be truncated or incomplete.
#
#  Out of Memory Error (os_windows.cpp:3732), pid=58656, tid=39124
#
# JRE version:  (21.0.12.1+1) (build )
# Java VM: OpenJDK 64-Bit Server VM (21.0.12.1+1-LTS, mixed mode, sharing, tiered, compressed oops, compressed class ptrs, g1 gc, windows-amd64)
# No core dump will be written. Minidumps are not enabled by default on client versions of Windows
#

---------------  S U M M A R Y ------------

Command Line: org.jetbrains.kotlin.cli.jvm.K2JVMCompiler @C:\desenvolvimento\React\app-psios\node_modules\expo-modules-autolinking\android\expo-gradle-plugin\expo-autolinking-plugin-shared\build\20260918_3108508964544280095.compiler.options

Host: 13th Gen Intel(R) Core(TM) i7-1365U, 12 cores, 31G,  Windows 11 , 64 bit Build 26100 (10.0.26100.9444)
Time: Fri Sep 18 19:54:06 2026 Hora Padrão da Bahia elapsed time: 2.738502 seconds (0d 0h 0m 2s)

---------------  T H R E A D  ---------------

Current thread (0x000001b455008d10):  JavaThread "Unknown thread" [_thread_in_vm, id=39124, stack(0x0000000195900000,0x0000000195a00000) (1024K)]

Stack: [0x0000000195900000,0x0000000195a00000]
Native frames: (J=compiled Java code, j=interpreted, Vv=VM code, C=native code)
V  [jvm.dll+0x6d83e9]
V  [jvm.dll+0x8b5736]
V  [jvm.dll+0x8b7cee]
V  [jvm.dll+0x8b83d3]
V  [jvm.dll+0x284596]
V  [jvm.dll+0x6d4d05]
V  [jvm.dll+0x6c898a]
V  [jvm.dll+0x35f2f8]
V  [jvm.dll+0x366f36]
V  [jvm.dll+0x3b804e]
V  [jvm.dll+0x3b82f8]
V  [jvm.dll+0x33320c]
V  [jvm.dll+0x333d61]
V  [jvm.dll+0x87f6eb]
V  [jvm.dll+0x3c4fd1]
V  [jvm.dll+0x868905]
V  [jvm.dll+0x458071]
V  [jvm.dll+0x459c61]
C  [jli.dll+0x52dc]
C  [ucrtbase.dll+0x2cd30]
C  [KERNEL32.DLL+0x2cd87]
C  [ntdll.dll+0xacaec]


---------------  P R O C E S S  ---------------

Threads class SMR info:
_java_thread_list=0x00007ff95f8cb208, length=0, elements={
}

Java Threads: ( => current thread )
Total: 0

Other Threads:
  0x000001b45755e860 WorkerThread "GC Thread#0"                     [id=52200, stack(0x0000000195a00000,0x0000000195b00000) (1024K)]
  0x000001b45756bc20 ConcurrentGCThread "G1 Main Marker"            [id=33992, stack(0x0000000195b00000,0x0000000195c00000) (1024K)]
  0x000001b45756e300 WorkerThread "G1 Conc#0"                       [id=44632, stack(0x0000000195c00000,0x0000000195d00000) (1024K)]

[error occurred during error reporting (printing all threads), id 0xc0000005, EXCEPTION_ACCESS_VIOLATION (0xc0000005) at pc=0x00007ff95efc5b97]
VM state: not at safepoint (not fully initialized)

VM Mutex/Monitor currently owned by a thread:  ([mutex/lock_event])
[0x00007ff95f93f6b0] Heap_lock - owner thread: 0x000001b455008d10

Heap address: 0x0000000604c00000, size: 8116 MB, Compressed Oops mode: Zero based, Oop shift amount: 3

CDS archive(s) mapped at: [0x0000000000000000-0x0000000000000000-0x0000000000000000), size 0, SharedBaseAddress: 0x0000000800000000, ArchiveRelocationMode: 1.
Narrow klass base: 0x0000000000000000, Narrow klass shift: 0, Narrow klass range: 0x0

GC Precious Log:
 CardTable entry size: 512
 Card Set container configuration: InlinePtr #cards 4 size 8 Array Of Cards #cards 32 size 80 Howl #buckets 8 coarsen threshold 7372 Howl Bitmap #cards 1024 size 144 coarsen threshold 921 Card regions per heap region 1 cards per card region 8192

Heap:
 garbage-first heap   total 0K, used 0K [0x0000000604c00000, 0x0000000800000000)
  region size 4096K, 0 young (0K), 0 survivors (0K)

[error occurred during error reporting (printing heap information), id 0xc0000005, EXCEPTION_ACCESS_VIOLATION (0xc0000005) at pc=0x00007ff95f3b1d49]
GC Heap History (0 events):
No events

Dll operation events (2 events):
Event: 0.378 Attempting to load shared library C:\Users\altam\.vscode\extensions\redhat.java-1.56.0-win32-x64\jre\21.0.12.1-win32-x86_64\bin\java.dll
Event: 0.381 Loaded shared library C:\Users\altam\.vscode\extensions\redhat.java-1.56.0-win32-x64\jre\21.0.12.1-win32-x86_64\bin\java.dll

Deoptimization events (0 events):
No events

Classes loaded (0 events):
No events

Classes unloaded (0 events):
No events

Classes redefined (0 events):
No events

Internal exceptions (0 events):
No events

ZGC Phase Switch (0 events):
No events

VM Operations (0 events):
No events

Memory protections (0 events):
No events

Nmethod flushes (0 events):
No events

Events (0 events):
No events


Dynamic libraries:
0x00007ff791b90000 - 0x00007ff791b9e000 	C:\Users\altam\.vscode\extensions\redhat.java-1.56.0-win32-x64\jre\21.0.12.1-win32-x86_64\bin\java.exe
0x00007ffa58740000 - 0x00007ffa589a7000 	C:\WINDOWS\SYSTEM32\ntdll.dll
0x00007ffa57b70000 - 0x00007ffa57c3b000 	C:\WINDOWS\System32\KERNEL32.DLL
0x00007ffa55c70000 - 0x00007ffa56072000 	C:\WINDOWS\System32\KERNELBASE.dll
0x00007ffa560b0000 - 0x00007ffa561fc000 	C:\WINDOWS\System32\ucrtbase.dll
0x00007ffa0e180000 - 0x00007ffa0e198000 	C:\Users\altam\.vscode\extensions\redhat.java-1.56.0-win32-x64\jre\21.0.12.1-win32-x86_64\bin\jli.dll
0x00007ffa58340000 - 0x00007ffa5850f000 	C:\WINDOWS\System32\USER32.dll
0x00007ffa56080000 - 0x00007ffa560a7000 	C:\WINDOWS\System32\win32u.dll
0x00007ffa58520000 - 0x00007ffa5854b000 	C:\WINDOWS\System32\GDI32.dll
0x00007ffa55940000 - 0x00007ffa55a69000 	C:\WINDOWS\System32\gdi32full.dll
0x00007ffa55bc0000 - 0x00007ffa55c63000 	C:\WINDOWS\System32\msvcp_win.dll
0x00007ffa0e1a0000 - 0x00007ffa0e1be000 	C:\Users\altam\.vscode\extensions\redhat.java-1.56.0-win32-x64\jre\21.0.12.1-win32-x86_64\bin\VCRUNTIME140.dll
0x00007ffa33a00000 - 0x00007ffa33c90000 	C:\WINDOWS\WinSxS\amd64_microsoft.windows.common-controls_6595b64144ccf1df_6.0.26100.9278_none_3e0d1ba8e3303201\COMCTL32.dll
0x00007ffa57820000 - 0x00007ffa578c9000 	C:\WINDOWS\System32\msvcrt.dll
0x00007ffa57b30000 - 0x00007ffa57b61000 	C:\WINDOWS\System32\IMM32.DLL
0x00007ffa0c570000 - 0x00007ffa0c66a000 	C:\Program Files\Topaz OFD\Warsaw\wslbscrwh64.dll
0x00007ffa57eb0000 - 0x00007ffa57f6c000 	C:\WINDOWS\System32\ADVAPI32.dll
0x00007ffa578d0000 - 0x00007ffa57979000 	C:\WINDOWS\System32\sechost.dll
0x00007ffa57620000 - 0x00007ffa57738000 	C:\WINDOWS\System32\RPCRT4.dll
0x00007ffa54700000 - 0x00007ffa54736000 	C:\WINDOWS\SYSTEM32\ntmarta.dll
0x00007ffa0c860000 - 0x00007ffa0c97a000 	C:\Program Files\Topaz OFD\Warsaw\wslbscr64.dll
0x00007ffa56960000 - 0x00007ffa570f8000 	C:\WINDOWS\System32\SHELL32.dll
0x00007ffa42a80000 - 0x00007ffa42a8c000 	C:\Users\altam\.vscode\extensions\redhat.java-1.56.0-win32-x64\jre\21.0.12.1-win32-x86_64\bin\vcruntime140_1.dll
0x00007ffa0e0f0000 - 0x00007ffa0e17d000 	C:\Users\altam\.vscode\extensions\redhat.java-1.56.0-win32-x64\jre\21.0.12.1-win32-x86_64\bin\msvcp140.dll
0x00007ff95ec80000 - 0x00007ff95fa22000 	C:\Users\altam\.vscode\extensions\redhat.java-1.56.0-win32-x64\jre\21.0.12.1-win32-x86_64\bin\server\jvm.dll
0x00007ffa57a80000 - 0x00007ffa57b00000 	C:\WINDOWS\System32\WS2_32.dll
0x00007ffa557a0000 - 0x00007ffa557fe000 	C:\WINDOWS\SYSTEM32\POWRPROF.dll
0x00007ffa4db70000 - 0x00007ffa4dba6000 	C:\WINDOWS\SYSTEM32\WINMM.dll
0x00007ffa4a220000 - 0x00007ffa4a22b000 	C:\WINDOWS\SYSTEM32\VERSION.dll
0x00007ffa55780000 - 0x00007ffa55795000 	C:\WINDOWS\SYSTEM32\UMPDC.dll
0x00007ffa545d0000 - 0x00007ffa545eb000 	C:\WINDOWS\SYSTEM32\kernel.appcore.dll
0x00007ffa3fdb0000 - 0x00007ffa3fdba000 	C:\Users\altam\.vscode\extensions\redhat.java-1.56.0-win32-x64\jre\21.0.12.1-win32-x86_64\bin\jimage.dll
0x00007ffa530a0000 - 0x00007ffa532ec000 	C:\WINDOWS\SYSTEM32\DBGHELP.DLL
0x00007ffa57fb0000 - 0x00007ffa58335000 	C:\WINDOWS\System32\combase.dll
0x00007ffa57740000 - 0x00007ffa57819000 	C:\WINDOWS\System32\OLEAUT32.dll
0x00007ffa2e300000 - 0x00007ffa2e33b000 	C:\WINDOWS\SYSTEM32\dbgcore.DLL
0x000001b456bb0000 - 0x000001b456c5c000 	C:\WINDOWS\System32\bcryptPrimitives.dll
0x00007ffa0e0d0000 - 0x00007ffa0e0f0000 	C:\Users\altam\.vscode\extensions\redhat.java-1.56.0-win32-x64\jre\21.0.12.1-win32-x86_64\bin\java.dll

JVMTI agents: none

dbghelp: loaded successfully - version: 4.0.5 - missing functions: none
symbol engine: initialized successfully - sym options: 0x614 - pdb path: .;C:\Users\altam\.vscode\extensions\redhat.java-1.56.0-win32-x64\jre\21.0.12.1-win32-x86_64\bin;C:\WINDOWS\SYSTEM32;C:\WINDOWS\WinSxS\amd64_microsoft.windows.common-controls_6595b64144ccf1df_6.0.26100.9278_none_3e0d1ba8e3303201;C:\Program Files\Topaz OFD\Warsaw;C:\Users\altam\.vscode\extensions\redhat.java-1.56.0-win32-x64\jre\21.0.12.1-win32-x86_64\bin\server

VM Arguments:
java_command: org.jetbrains.kotlin.cli.jvm.K2JVMCompiler @C:\desenvolvimento\React\app-psios\node_modules\expo-modules-autolinking\android\expo-gradle-plugin\expo-autolinking-plugin-shared\build\20260918_3108508964544280095.compiler.options
java_class_path (initial): C:\Users\altam\.gradle\caches\modules-2\files-2.1\org.jetbrains.kotlin\kotlin-compiler-embeddable\1.9.24\78dab849090e6c5e2eadb6e59a11cdc28fb67a08\kotlin-compiler-embeddable-1.9.24.jar;C:\Users\altam\.gradle\caches\modules-2\files-2.1\org.jetbrains.kotlin\kotlin-stdlib\1.9.24\9928532f12c66ad816a625b3f9984f8368ca6d2b\kotlin-stdlib-1.9.24.jar;C:\Users\altam\.gradle\caches\modules-2\files-2.1\org.jetbrains.kotlin\kotlin-script-runtime\1.9.24\96771497da90fbc5af1c90fce148db2595a62502\kotlin-script-runtime-1.9.24.jar;C:\Users\altam\.gradle\caches\modules-2\files-2.1\org.jetbrains.kotlin\kotlin-reflect\1.6.10\1cbe9c92c12a94eea200d23c2bbaedaf3daf5132\kotlin-reflect-1.6.10.jar;C:\Users\altam\.gradle\caches\modules-2\files-2.1\org.jetbrains.kotlin\kotlin-daemon-embeddable\1.9.24\86685b9c5e8d170925bd9ddbdc263374a6a73281\kotlin-daemon-embeddable-1.9.24.jar;C:\Users\altam\.gradle\caches\modules-2\files-2.1\org.jetbrains.intellij.deps\trove4j\1.0.20200330\3afb14d5f9ceb459d724e907a21145e8ff394f02\trove4j-1.0.20200330.jar;C:\Users\altam\.gradle\caches\modules-2\files-2.1\org.jetbrains\annotations\13.0\919f0dfe192fb4e063e7dacadee7f8bb9a2672a9\annotations-13.0.jar
Launcher Type: SUN_STANDARD

[Global flags]
     intx CICompilerCount                          = 4                                         {product} {ergonomic}
     uint ConcGCThreads                            = 3                                         {product} {ergonomic}
     uint G1ConcRefinementThreads                  = 10                                        {product} {ergonomic}
   size_t G1HeapRegionSize                         = 4194304                                   {product} {ergonomic}
    uintx GCDrainStackTargetSize                   = 64                                        {product} {ergonomic}
   size_t InitialHeapSize                          = 532676608                                 {product} {ergonomic}
   size_t MarkStackSize                            = 4194304                                   {product} {ergonomic}
   size_t MaxHeapSize                              = 8510242816                                {product} {ergonomic}
   size_t MinHeapDeltaBytes                        = 4194304                                   {product} {ergonomic}
   size_t MinHeapSize                              = 8388608                                   {product} {ergonomic}
    uintx NonNMethodCodeHeapSize                   = 5839372                                {pd product} {ergonomic}
    uintx NonProfiledCodeHeapSize                  = 122909434                              {pd product} {ergonomic}
    uintx ProfiledCodeHeapSize                     = 122909434                              {pd product} {ergonomic}
    uintx ReservedCodeCacheSize                    = 251658240                              {pd product} {ergonomic}
     bool SegmentedCodeCache                       = true                                      {product} {ergonomic}
   size_t SoftMaxHeapSize                          = 8510242816                             {manageable} {ergonomic}
     bool UseCompressedOops                        = true                           {product lp64_product} {ergonomic}
     bool UseG1GC                                  = true                                      {product} {ergonomic}
     bool UseLargePagesIndividualAllocation        = false                                  {pd product} {ergonomic}

Logging:
Log output configuration:
 #0: stdout all=warning uptime,level,tags foldmultilines=false
 #1: stderr all=off uptime,level,tags foldmultilines=false

Release file:
<release file has not been read>
Environment Variables:
JAVA_HOME=C:\Program Files\Java\jdk-25.0.3
PATH=C:\Program Files\Python311\Scripts\;C:\Program Files\Python311\;C:\WINDOWS\system32;C:\WINDOWS;C:\WINDOWS\System32\Wbem;C:\WINDOWS\System32\WindowsPowerShell\v1.0\;C:\WINDOWS\System32\OpenSSH\;C:\Program Files\dotnet\;C:\Program Files\Java\jdk-25.0.3\bin;C:\Program Files\maven\bin;C:\Program Files\Git\cmd;C:\Users\altam\AppData\Roaming\nvm;C:\Program Files\nodejs;C:\Program Files (x86)\Git Credential Manager;C:\Program Files\Amazon\AWSCLIV2\;C:\desenvolvimento\supabase;C:\Users\altam\AppData\Local\Android\Sdk\platform-tools;C:\Program Files\WireGuard\;C:\Program Files\Go\bin;C:\Program Files (x86)\Bitvise SSH Client;C:\Users\altam\AppData\Local\agy\bin;C:\Users\altam\AppData\Local\Programs\Python\Python313\Scripts\;C:\Users\altam\AppData\Local\Programs\Python\Python313\;C:\Users\altam\AppData\Local\Microsoft\WindowsApps;C:\Users\altam\AppData\Local\Programs\Microsoft VS Code\bin;C:\Users\altam\AppData\Roaming\nvm;C:\Program Files\nodejs;C:\desenvolvimento\openssl-3.3.1;C:\Users\altam\.bun\bin;C:\Users\altam\AppData\Local\Programs\Kiro\bin;C:\Users\altam\.dotnet\tools;C:\Users\altam\go\bin;C:\Users\altam\AppData\Local\Kiro-Cli\
USERNAME=altam
OS=Windows_NT
PROCESSOR_IDENTIFIER=Intel64 Family 6 Model 186 Stepping 3, GenuineIntel
TMP=C:\Users\altam\AppData\Local\Temp
TEMP=C:\Users\altam\AppData\Local\Temp




Periodic native trim disabled

---------------  S Y S T E M  ---------------

OS:
 Windows 11 , 64 bit Build 26100 (10.0.26100.9444)
OS uptime: 0 days 10:23 hours
Hyper-V role detected

CPU: total 12 (initial active 12) (6 cores per cpu, 2 threads per core) family 6 model 186 stepping 3 microcode 0x6134, cx8, cmov, fxsr, ht, mmx, 3dnowpref, sse, sse2, sse3, ssse3, sse4.1, sse4.2, popcnt, lzcnt, tsc, tscinvbit, avx, avx2, aes, erms, clmul, bmi1, bmi2, adx, sha, fma, vzeroupper, clflush, clflushopt, clwb, hv, serialize, rdtscp, rdpid, fsrm, f16c, cet_ibt, cet_ss
Processor Information for processor 0
  Max Mhz: 1800, Current Mhz: 1800, Mhz Limit: 1800
Processor Information for processor 1
  Max Mhz: 1800, Current Mhz: 1800, Mhz Limit: 1800
Processor Information for processor 2
  Max Mhz: 1800, Current Mhz: 1800, Mhz Limit: 1800
Processor Information for processor 3
  Max Mhz: 1800, Current Mhz: 1800, Mhz Limit: 1800
Processor Information for processor 4
  Max Mhz: 1800, Current Mhz: 1800, Mhz Limit: 1800
Processor Information for processor 5
  Max Mhz: 1800, Current Mhz: 1523, Mhz Limit: 1800
Processor Information for processor 6
  Max Mhz: 1800, Current Mhz: 1523, Mhz Limit: 1800
Processor Information for processor 7
  Max Mhz: 1800, Current Mhz: 1800, Mhz Limit: 1800
Processor Information for processor 8
  Max Mhz: 1800, Current Mhz: 1800, Mhz Limit: 1800
Processor Information for processor 9
  Max Mhz: 1800, Current Mhz: 1800, Mhz Limit: 1800
Processor Information for processor 10
  Max Mhz: 1800, Current Mhz: 1800, Mhz Limit: 1800
Processor Information for processor 11
  Max Mhz: 1800, Current Mhz: 1800, Mhz Limit: 1800

Memory: 4k page, system-wide physical 32452M (656M free)
TotalPageFile size 78258M (AvailPageFile size 1251M)
current process WorkingSet (physical memory assigned to process): 16M, peak: 16M
current process commit charge ("private bytes"): 66M, peak: 574M

vm_info: OpenJDK 64-Bit Server VM (21.0.12.1+1-LTS) for windows-amd64 JRE (21.0.12.1+1-LTS), built on 2026-08-18T00:00:00Z by "admin" with MS VC++ 17.12 (VS2022)

END.
